Archive member included to satisfy reference by file (symbol)

C:\Users\LA\Documents\CanExample\nxp_lpcxpresso_11c24_board_lib\Debug\libnxp_lpcxpresso_11c24_board_lib.a(board_sysinit.o)
                              ./src/sysinit.o (Board_SystemInit)
C:\Users\LA\Documents\CanExample\lpc_chip_11cxx_lib\Debug\liblpc_chip_11cxx_lib.a(adc_11xx.o)
                              ./src/main.o (Chip_ADC_Init)
C:\Users\LA\Documents\CanExample\lpc_chip_11cxx_lib\Debug\liblpc_chip_11cxx_lib.a(chip_11xx.o)
                              ./src/main.o (SystemCoreClockUpdate)
C:\Users\LA\Documents\CanExample\lpc_chip_11cxx_lib\Debug\liblpc_chip_11cxx_lib.a(clock_11xx.o)
                              C:\Users\LA\Documents\CanExample\nxp_lpcxpresso_11c24_board_lib\Debug\libnxp_lpcxpresso_11c24_board_lib.a(board_sysinit.o) (Chip_Clock_SetSystemPLLSource)
C:\Users\LA\Documents\CanExample\lpc_chip_11cxx_lib\Debug\liblpc_chip_11cxx_lib.a(gpio_11xx_2.o)
                              ./src/main.o (Chip_GPIO_Init)
C:\Users\LA\Documents\CanExample\lpc_chip_11cxx_lib\Debug\liblpc_chip_11cxx_lib.a(sysctl_11xx.o)
                              C:\Users\LA\Documents\CanExample\nxp_lpcxpresso_11c24_board_lib\Debug\libnxp_lpcxpresso_11c24_board_lib.a(board_sysinit.o) (Chip_SYSCTL_PowerDown)
C:\Users\LA\Documents\CanExample\lpc_chip_11cxx_lib\Debug\liblpc_chip_11cxx_lib.a(timer_11xx.o)
                              ./src/canHandler.o (Chip_TIMER_Init)
c:/nxp/mcuxpressoide_11.1.0_3209/ide/plugins/com.nxp.mcuxpresso.tools.win32_11.1.0.201909161352/tools/bin/../lib/gcc/arm-none-eabi/8.3.1/../../../../arm-none-eabi/lib/thumb/v6-m/nofp\libcr_c.a(__weak__main.o)
                              ./src/cr_startup_lpc11xx.o (__main)
c:/nxp/mcuxpressoide_11.1.0_3209/ide/plugins/com.nxp.mcuxpresso.tools.win32_11.1.0.201909161352/tools/bin/../lib/gcc/arm-none-eabi/8.3.1/../../../../arm-none-eabi/lib/thumb/v6-m/nofp\libcr_c.a(log.o)
                              ./src/main.o (log)
c:/nxp/mcuxpressoide_11.1.0_3209/ide/plugins/com.nxp.mcuxpresso.tools.win32_11.1.0.201909161352/tools/bin/../lib/gcc/arm-none-eabi/8.3.1/../../../../arm-none-eabi/lib/thumb/v6-m/nofp\libcr_c.a(errno.o)
                              c:/nxp/mcuxpressoide_11.1.0_3209/ide/plugins/com.nxp.mcuxpresso.tools.win32_11.1.0.201909161352/tools/bin/../lib/gcc/arm-none-eabi/8.3.1/../../../../arm-none-eabi/lib/thumb/v6-m/nofp\libcr_c.a(log.o) (errno)
c:/nxp/mcuxpressoide_11.1.0_3209/ide/plugins/com.nxp.mcuxpresso.tools.win32_11.1.0.201909161352/tools/bin/../lib/gcc/arm-none-eabi/8.3.1/../../../../arm-none-eabi/lib/thumb/v6-m/nofp\libcr_c.a(frexp.o)
                              c:/nxp/mcuxpressoide_11.1.0_3209/ide/plugins/com.nxp.mcuxpresso.tools.win32_11.1.0.201909161352/tools/bin/../lib/gcc/arm-none-eabi/8.3.1/../../../../arm-none-eabi/lib/thumb/v6-m/nofp\libcr_c.a(log.o) (frexp)
c:/nxp/mcuxpressoide_11.1.0_3209/ide/plugins/com.nxp.mcuxpresso.tools.win32_11.1.0.201909161352/tools/bin/../lib/gcc/arm-none-eabi/8.3.1/thumb/v6-m/nofp\libcr_eabihelpers.a(division_32.o)
                              ./src/CANopen/canopen_driver.o (__aeabi_uidiv)
c:/nxp/mcuxpressoide_11.1.0_3209/ide/plugins/com.nxp.mcuxpresso.tools.win32_11.1.0.201909161352/tools/bin/../lib/gcc/arm-none-eabi/8.3.1/thumb/v6-m/nofp\libcr_eabihelpers.a(division_idiv0.o)
                              c:/nxp/mcuxpressoide_11.1.0_3209/ide/plugins/com.nxp.mcuxpresso.tools.win32_11.1.0.201909161352/tools/bin/../lib/gcc/arm-none-eabi/8.3.1/thumb/v6-m/nofp\libcr_eabihelpers.a(division_32.o) (__aeabi_idiv0)
c:/nxp/mcuxpressoide_11.1.0_3209/ide/plugins/com.nxp.mcuxpresso.tools.win32_11.1.0.201909161352/tools/bin/../lib/gcc/arm-none-eabi/8.3.1/thumb/v6-m/nofp\libcr_eabihelpers.a(double.o)
                              ./src/main.o (__aeabi_dmul)
c:/nxp/mcuxpressoide_11.1.0_3209/ide/plugins/com.nxp.mcuxpresso.tools.win32_11.1.0.201909161352/tools/bin/../lib/gcc/arm-none-eabi/8.3.1/thumb/v6-m/nofp\libcr_eabihelpers.a(float.o)
                              ./src/main.o (__aeabi_fmul)
c:/nxp/mcuxpressoide_11.1.0_3209/ide/plugins/com.nxp.mcuxpresso.tools.win32_11.1.0.201909161352/tools/bin/../lib/gcc/arm-none-eabi/8.3.1/thumb/v6-m/nofp\libcr_eabihelpers.a(llong.o)
                              c:/nxp/mcuxpressoide_11.1.0_3209/ide/plugins/com.nxp.mcuxpresso.tools.win32_11.1.0.201909161352/tools/bin/../lib/gcc/arm-none-eabi/8.3.1/thumb/v6-m/nofp\libcr_eabihelpers.a(double.o) (__aeabi_lmul)

Allocating common symbols
Common symbol       size              file

SystemCoreClock     0x4               C:\Users\LA\Documents\CanExample\lpc_chip_11cxx_lib\Debug\liblpc_chip_11cxx_lib.a(chip_11xx.o)

Discarded input sections

 .group         0x00000000        0xc ./src/CANopen/CanNodeDef.o
 .group         0x00000000        0xc ./src/CANopen/CanNodeDef.o
 .group         0x00000000        0xc ./src/CANopen/CanNodeDef.o
 .group         0x00000000        0xc ./src/CANopen/CanNodeDef.o
 .group         0x00000000        0xc ./src/CANopen/CanNodeDef.o
[...]
Memory Configuration

Name             Origin             Length             Attributes
MFlash32         0x00000000         0x00008000         xr
RamLoc8          0x10000000         0x00002000         xrw
*default*        0x00000000         0xffffffff

Linker script and memory map

LOAD ./src/CANopen/CanNodeDef.o
LOAD ./src/CANopen/canopen_driver.o
LOAD ./src/canHandler.o
LOAD ./src/cr_startup_lpc11xx.o
LOAD ./src/crp.o
LOAD ./src/main.o
LOAD ./src/sysinit.o
LOAD C:\Users\LA\Documents\CanExample\nxp_lpcxpresso_11c24_board_lib\Debug\libnxp_lpcxpresso_11c24_board_lib.a
LOAD C:\Users\LA\Documents\CanExample\lpc_chip_11cxx_lib\Debug\liblpc_chip_11cxx_lib.a
START GROUP
LOAD c:/nxp/mcuxpressoide_11.1.0_3209/ide/plugins/com.nxp.mcuxpresso.tools.win32_11.1.0.201909161352/tools/bin/../lib/gcc/arm-none-eabi/8.3.1/../../../../arm-none-eabi/lib/thumb/v6-m/nofp\libcr_c.a
LOAD c:/nxp/mcuxpressoide_11.1.0_3209/ide/plugins/com.nxp.mcuxpresso.tools.win32_11.1.0.201909161352/tools/bin/../lib/gcc/arm-none-eabi/8.3.1/thumb/v6-m/nofp\libcr_eabihelpers.a
LOAD c:/nxp/mcuxpressoide_11.1.0_3209/ide/plugins/com.nxp.mcuxpresso.tools.win32_11.1.0.201909161352/tools/bin/../lib/gcc/arm-none-eabi/8.3.1/thumb/v6-m/nofp\libgcc.a
END GROUP
                0x00000000                __base_MFlash32 = 0x0
                0x00000000                __base_Flash = 0x0
                0x00008000                __top_MFlash32 = 0x8000
                0x00008000                __top_Flash = 0x8000
                0x10000000                __base_RamLoc8 = 0x10000000
                0x10000000                __base_RAM = 0x10000000
                0x10002000                __top_RamLoc8 = 0x10002000
                0x10002000                __top_RAM = 0x10002000

.text           0x00000000     0x3054
 FILL mask 0xff
                0x00000000                __vectors_start__ = ABSOLUTE (.)
 *(.isr_vector)
 .isr_vector    0x00000000       0xc0 ./src/cr_startup_lpc11xx.o
                0x00000000                g_pfnVectors
                0x000000c0                . = ALIGN (0x4)
                0x000000c0                __section_table_start = .
                0x000000c0                __data_section_table = .
                0x000000c0        0x4 LONG 0x3054 LOADADDR (.data)
                0x000000c4        0x4 LONG 0x100000b8 ADDR (.data)
                0x000000c8        0x4 LONG 0xcc SIZEOF (.data)
                0x000000cc                __data_section_table_end = .
                0x000000cc                __bss_section_table = .
                0x000000cc        0x4 LONG 0x10000184 ADDR (.bss)
                0x000000d0        0x4 LONG 0x84 SIZEOF (.bss)
                0x000000d4                __bss_section_table_end = .
                0x000000d4                __section_table_end = .
 *(.after_vectors*)
 .after_vectors
                0x000000d4      0x118 ./src/cr_startup_lpc11xx.o
                0x000000d4                data_init
                0x00000114                bss_init
                0x00000148                ResetISR
                0x000001c8                NMI_Handler
                0x000001ce                HardFault_Handler
                0x000001d4                SVC_Handler
                0x000001da                PendSV_Handler
                0x000001e0                SysTick_Handler
                0x000001e6                IntDefaultHandler
                0x000001e6                PIOINT1_IRQHandler
                0x000001e6                SSP0_IRQHandler
                0x000001e6                TIMER32_0_IRQHandler
                0x000001e6                UART_IRQHandler
                0x000001e6                SSP1_IRQHandler
                0x000001e6                PIOINT2_IRQHandler
                0x000001e6                BOD_IRQHandler
                0x000001e6                WAKEUP_IRQHandler
                0x000001e6                PIOINT0_IRQHandler
                0x000001e6                I2C_IRQHandler
                0x000001e6                WDT_IRQHandler
                0x000001e6                ADC_IRQHandler
                0x000001e6                TIMER16_0_IRQHandler
                0x000001e6                PIOINT3_IRQHandler
                0x000002fc                . = 0x2fc
 *fill*         0x000001ec      0x110 ff
                0x000002fc                PROVIDE (__CRP_WORD_START__ = .)
 *(.crp)
 .crp           0x000002fc        0x4 ./src/crp.o
                0x000002fc                CRP_WORD
                0x00000300                PROVIDE (__CRP_WORD_END__ = .)
                0x00000001                ASSERT (! ((__CRP_WORD_START__ == __CRP_WORD_END__)), Linker CRP Enabled, but no CRP_WORD provided within application)
 *(.text*)
 .text.initObjectDirectory
                0x00000300       0x14 ./src/CANopen/CanNodeDef.o
                0x00000300                initObjectDirectory
 .text.NVIC_EnableIRQ
                0x00000314       0x2c ./src/CANopen/canopen_driver.o
 .text.NVIC_DisableIRQ
                0x00000340       0x30 ./src/CANopen/canopen_driver.o
 .text.Chip_Clock_EnablePeriphClock
                0x00000370       0x30 ./src/CANopen/canopen_driver.o
 .text.CANopenInit
                0x000003a0      0x108 ./src/CANopen/canopen_driver.o
                0x000003a0                CANopenInit
 .text.baudrateCalculate
                0x000004a8       0xca ./src/CANopen/canopen_driver.o
                0x000004a8                baudrateCalculate
 *fill*         0x00000572        0x2 ff
 .text.CANopen_1ms_tick
                0x00000574      0x394 ./src/CANopen/canopen_driver.o
                0x00000574                CANopen_1ms_tick
 .text.CAN_IRQHandler
                0x00000908       0x18 ./src/CANopen/canopen_driver.o
                0x00000908                CAN_IRQHandler
 .text.CAN_RX   0x00000920      0x4a4 ./src/CANopen/canopen_driver.o
                0x00000920                CAN_RX
 .text.CAN_TX   0x00000dc4       0x14 ./src/CANopen/canopen_driver.o
                0x00000dc4                CAN_TX
 .text.CAN_Error
                0x00000dd8       0x10 ./src/CANopen/canopen_driver.o
                0x00000dd8                CAN_Error
 .text.CANopen_NMT_Send_CMD
                0x00000de8       0x48 ./src/CANopen/canopen_driver.o
                0x00000de8                CANopen_NMT_Send_CMD
 .text.CANopen_NMT_Change_MyState
                0x00000e30       0xd8 ./src/CANopen/canopen_driver.o
                0x00000e30                CANopen_NMT_Change_MyState
 .text.CANopen_Heartbeat_Send
                0x00000f08       0x30 ./src/CANopen/canopen_driver.o
                0x00000f08                CANopen_Heartbeat_Send
 .text.CANopen_SDOS_Seg_Read
                0x00000f38      0x140 ./src/CANopen/canopen_driver.o
                0x00000f38                CANopen_SDOS_Seg_Read
 .text.CANopen_SDOS_Seg_Write
                0x00001078      0x124 ./src/CANopen/canopen_driver.o
                0x00001078                CANopen_SDOS_Seg_Write
 .text.CANopen_SDOS_Find_Buffer
                0x0000119c       0x90 ./src/CANopen/canopen_driver.o
                0x0000119c                CANopen_SDOS_Find_Buffer
 .text.CANopen_SDOC_Exp_Write
                0x0000122c      0x15c ./src/CANopen/canopen_driver.o
                0x0000122c                CANopen_SDOC_Exp_Write
 .text.NVIC_EnableIRQ
                0x00001388       0x2c ./src/canHandler.o
 .text.NVIC_ClearPendingIRQ
                0x000013b4       0x34 ./src/canHandler.o
 .text.Chip_TIMER_MatchPending
                0x000013e8       0x32 ./src/canHandler.o
 .text.Chip_TIMER_ClearMatch
                0x0000141a       0x28 ./src/canHandler.o
 .text.Chip_TIMER_Enable
                0x00001442       0x1c ./src/canHandler.o
 .text.Chip_TIMER_PrescaleSet
                0x0000145e       0x18 ./src/canHandler.o
 .text.Chip_TIMER_SetMatch
                0x00001476       0x2a ./src/canHandler.o
 .text.Chip_TIMER_MatchEnableInt
                0x000014a0       0x34 ./src/canHandler.o
 .text.Chip_TIMER_ResetOnMatchEnable
                0x000014d4       0x36 ./src/canHandler.o
 *fill*         0x0000150a        0x2 ff
 .text.TIMER32_1_IRQHandler
                0x0000150c       0x48 ./src/canHandler.o
                0x0000150c                TIMER32_1_IRQHandler
 .text.initCAN  0x00001554       0xb0 ./src/canHandler.o
                0x00001554                initCAN
 .text.CANopen_Init_SDO
                0x00001604       0x64 ./src/canHandler.o
                0x00001604                CANopen_Init_SDO
 .text.CANopen_SDOS_Exp_Read
                0x00001668       0x1c ./src/canHandler.o
                0x00001668                CANopen_SDOS_Exp_Read
 .text.CANopen_SDOS_Exp_Write
                0x00001684       0x1e ./src/canHandler.o
                0x00001684                CANopen_SDOS_Exp_Write
 .text.CANopen_NMT_Reset_Node_Received
                0x000016a2        0xa ./src/canHandler.o
                0x000016a2                CANopen_NMT_Reset_Node_Received
 .text.CANopen_NMT_Reset_Comm_Received
                0x000016ac        0xa ./src/canHandler.o
                0x000016ac                CANopen_NMT_Reset_Comm_Received
 .text.CANopen_Heartbeat_Consumer_Failed
                0x000016b6       0x14 ./src/canHandler.o
                0x000016b6                CANopen_Heartbeat_Consumer_Failed
 .text.CANopen_NMT_Consumer_Bootup_Received
                0x000016ca       0x14 ./src/canHandler.o
                0x000016ca                CANopen_NMT_Consumer_Bootup_Received
 *fill*         0x000016de        0x2 ff
 .text.NVIC_EnableIRQ
                0x000016e0       0x2c ./src/main.o
 .text.NVIC_ClearPendingIRQ
                0x0000170c       0x34 ./src/main.o
 .text.Chip_IOCON_PinMuxSet
                0x00001740       0x26 ./src/main.o
 .text.Chip_TIMER_MatchPending
                0x00001766       0x32 ./src/main.o
 .text.Chip_TIMER_ClearMatch
                0x00001798       0x28 ./src/main.o
 .text.Chip_TIMER_Enable
                0x000017c0       0x1c ./src/main.o
 .text.Chip_TIMER_SetMatch
                0x000017dc       0x2a ./src/main.o
 .text.Chip_TIMER_MatchEnableInt
                0x00001806       0x34 ./src/main.o
 .text.Chip_TIMER_ResetOnMatchEnable
                0x0000183a       0x36 ./src/main.o
 .text.TIMER16_1_IRQHandler
                0x00001870      0x138 ./src/main.o
                0x00001870                TIMER16_1_IRQHandler
 .text.main     0x000019a8       0x22 ./src/main.o
                0x000019a8                main
 *fill*         0x000019ca        0x2 ff
 .text.timerInit
                0x000019cc       0x58 ./src/main.o
                0x000019cc                timerInit
 .text.adcInit  0x00001a24       0x30 ./src/main.o
                0x00001a24                adcInit
 .text.adcGetValue
                0x00001a54       0x5c ./src/main.o
                0x00001a54                adcGetValue
 .text.SystemInit
                0x00001ab0        0xe ./src/sysinit.o
                0x00001ab0                SystemInit
 *fill*         0x00001abe        0x2 ff
 .text.Chip_FMC_SetFLASHAccess
                0x00001ac0       0x30 C:\Users\LA\Documents\CanExample\nxp_lpcxpresso_11c24_board_lib\Debug\libnxp_lpcxpresso_11c24_board_lib.a(board_sysinit.o)
 .text.Chip_Clock_SetupSystemPLL
                0x00001af0       0x38 C:\Users\LA\Documents\CanExample\nxp_lpcxpresso_11c24_board_lib\Debug\libnxp_lpcxpresso_11c24_board_lib.a(board_sysinit.o)
 .text.Chip_Clock_IsSystemPLLLocked
                0x00001b28       0x1c C:\Users\LA\Documents\CanExample\nxp_lpcxpresso_11c24_board_lib\Debug\libnxp_lpcxpresso_11c24_board_lib.a(board_sysinit.o)
 .text.Chip_Clock_SetSysClockDiv
                0x00001b44       0x1c C:\Users\LA\Documents\CanExample\nxp_lpcxpresso_11c24_board_lib\Debug\libnxp_lpcxpresso_11c24_board_lib.a(board_sysinit.o)
 .text.Chip_Clock_EnablePeriphClock
                0x00001b60       0x30 C:\Users\LA\Documents\CanExample\nxp_lpcxpresso_11c24_board_lib\Debug\libnxp_lpcxpresso_11c24_board_lib.a(board_sysinit.o)
 .text.Chip_IOCON_PinMuxSet
                0x00001b90       0x26 C:\Users\LA\Documents\CanExample\nxp_lpcxpresso_11c24_board_lib\Debug\libnxp_lpcxpresso_11c24_board_lib.a(board_sysinit.o)
 .text.SystemSetupClocking
                0x00001bb6       0x66 C:\Users\LA\Documents\CanExample\nxp_lpcxpresso_11c24_board_lib\Debug\libnxp_lpcxpresso_11c24_board_lib.a(board_sysinit.o)
 .text.SystemSetupMuxing
                0x00001c1c       0x4c C:\Users\LA\Documents\CanExample\nxp_lpcxpresso_11c24_board_lib\Debug\libnxp_lpcxpresso_11c24_board_lib.a(board_sysinit.o)
 .text.Board_SystemInit
                0x00001c68       0x12 C:\Users\LA\Documents\CanExample\nxp_lpcxpresso_11c24_board_lib\Debug\libnxp_lpcxpresso_11c24_board_lib.a(board_sysinit.o)
                0x00001c68                Board_SystemInit
 *fill*         0x00001c7a        0x2 ff
 .text.Chip_Clock_EnablePeriphClock
                0x00001c7c       0x30 C:\Users\LA\Documents\CanExample\lpc_chip_11cxx_lib\Debug\liblpc_chip_11cxx_lib.a(adc_11xx.o)
 .text.getFullConvClk
                0x00001cac        0xc C:\Users\LA\Documents\CanExample\lpc_chip_11cxx_lib\Debug\liblpc_chip_11cxx_lib.a(adc_11xx.o)
 .text.getClkDiv
                0x00001cb8       0x74 C:\Users\LA\Documents\CanExample\lpc_chip_11cxx_lib\Debug\liblpc_chip_11cxx_lib.a(adc_11xx.o)
 .text.setStartMode
                0x00001d2c       0x34 C:\Users\LA\Documents\CanExample\lpc_chip_11cxx_lib\Debug\liblpc_chip_11cxx_lib.a(adc_11xx.o)
                0x00001d2c                setStartMode
 .text.readAdcVal
                0x00001d60       0x44 C:\Users\LA\Documents\CanExample\lpc_chip_11cxx_lib\Debug\liblpc_chip_11cxx_lib.a(adc_11xx.o)
                0x00001d60                readAdcVal
 .text.Chip_ADC_Init
                0x00001da4       0x8c C:\Users\LA\Documents\CanExample\lpc_chip_11cxx_lib\Debug\liblpc_chip_11cxx_lib.a(adc_11xx.o)
                0x00001da4                Chip_ADC_Init
 .text.Chip_ADC_ReadValue
                0x00001e30       0x2a C:\Users\LA\Documents\CanExample\lpc_chip_11cxx_lib\Debug\liblpc_chip_11cxx_lib.a(adc_11xx.o)
                0x00001e30                Chip_ADC_ReadValue
 .text.Chip_ADC_ReadStatus
                0x00001e5a       0x7c C:\Users\LA\Documents\CanExample\lpc_chip_11cxx_lib\Debug\liblpc_chip_11cxx_lib.a(adc_11xx.o)
                0x00001e5a                Chip_ADC_ReadStatus
 *fill*         0x00001ed6        0x2 ff
 .text.Chip_ADC_SetStartMode
                0x00001ed8       0x68 C:\Users\LA\Documents\CanExample\lpc_chip_11cxx_lib\Debug\liblpc_chip_11cxx_lib.a(adc_11xx.o)
                0x00001ed8                Chip_ADC_SetStartMode
 .text.Chip_ADC_EnableChannel
                0x00001f40       0x64 C:\Users\LA\Documents\CanExample\lpc_chip_11cxx_lib\Debug\liblpc_chip_11cxx_lib.a(adc_11xx.o)
                0x00001f40                Chip_ADC_EnableChannel
 .text.SystemCoreClockUpdate
                0x00001fa4       0x18 C:\Users\LA\Documents\CanExample\lpc_chip_11cxx_lib\Debug\liblpc_chip_11cxx_lib.a(chip_11xx.o)
                0x00001fa4                SystemCoreClockUpdate
 .text.Chip_Clock_GetMainOscRate
                0x00001fbc       0x10 C:\Users\LA\Documents\CanExample\lpc_chip_11cxx_lib\Debug\liblpc_chip_11cxx_lib.a(clock_11xx.o)
 .text.Chip_Clock_GetIntOscRate
                0x00001fcc       0x10 C:\Users\LA\Documents\CanExample\lpc_chip_11cxx_lib\Debug\liblpc_chip_11cxx_lib.a(clock_11xx.o)
 .text.Chip_Clock_GetWDTLFORate
                0x00001fdc       0x48 C:\Users\LA\Documents\CanExample\lpc_chip_11cxx_lib\Debug\liblpc_chip_11cxx_lib.a(clock_11xx.o)
 .text.Chip_Clock_GetPLLFreq
                0x00002024       0x22 C:\Users\LA\Documents\CanExample\lpc_chip_11cxx_lib\Debug\liblpc_chip_11cxx_lib.a(clock_11xx.o)
 *fill*         0x00002046        0x2 ff
 .text.Chip_Clock_SetSystemPLLSource
                0x00002048       0x2c C:\Users\LA\Documents\CanExample\lpc_chip_11cxx_lib\Debug\liblpc_chip_11cxx_lib.a(clock_11xx.o)
                0x00002048                Chip_Clock_SetSystemPLLSource
 .text.Chip_Clock_SetMainClockSource
                0x00002074       0x2c C:\Users\LA\Documents\CanExample\lpc_chip_11cxx_lib\Debug\liblpc_chip_11cxx_lib.a(clock_11xx.o)
                0x00002074                Chip_Clock_SetMainClockSource
 .text.Chip_Clock_GetWDTOSCRate
                0x000020a0       0x1c C:\Users\LA\Documents\CanExample\lpc_chip_11cxx_lib\Debug\liblpc_chip_11cxx_lib.a(clock_11xx.o)
                0x000020a0                Chip_Clock_GetWDTOSCRate
 .text.Chip_Clock_GetSystemPLLInClockRate
                0x000020bc       0x40 C:\Users\LA\Documents\CanExample\lpc_chip_11cxx_lib\Debug\liblpc_chip_11cxx_lib.a(clock_11xx.o)
                0x000020bc                Chip_Clock_GetSystemPLLInClockRate
 .text.Chip_Clock_GetSystemPLLOutClockRate
                0x000020fc       0x24 C:\Users\LA\Documents\CanExample\lpc_chip_11cxx_lib\Debug\liblpc_chip_11cxx_lib.a(clock_11xx.o)
                0x000020fc                Chip_Clock_GetSystemPLLOutClockRate
 .text.Chip_Clock_GetMainClockRate
                0x00002120       0x64 C:\Users\LA\Documents\CanExample\lpc_chip_11cxx_lib\Debug\liblpc_chip_11cxx_lib.a(clock_11xx.o)
                0x00002120                Chip_Clock_GetMainClockRate
 .text.Chip_Clock_GetSystemClockRate
                0x00002184       0x24 C:\Users\LA\Documents\CanExample\lpc_chip_11cxx_lib\Debug\liblpc_chip_11cxx_lib.a(clock_11xx.o)
                0x00002184                Chip_Clock_GetSystemClockRate
 .text.Chip_Clock_EnablePeriphClock
                0x000021a8       0x30 C:\Users\LA\Documents\CanExample\lpc_chip_11cxx_lib\Debug\liblpc_chip_11cxx_lib.a(gpio_11xx_2.o)
 .text.Chip_GPIO_Init
                0x000021d8       0x16 C:\Users\LA\Documents\CanExample\lpc_chip_11cxx_lib\Debug\liblpc_chip_11cxx_lib.a(gpio_11xx_2.o)
                0x000021d8                Chip_GPIO_Init
 *fill*         0x000021ee        0x2 ff
 .text.Chip_SYSCTL_PowerDown
                0x000021f0       0x40 C:\Users\LA\Documents\CanExample\lpc_chip_11cxx_lib\Debug\liblpc_chip_11cxx_lib.a(sysctl_11xx.o)
                0x000021f0                Chip_SYSCTL_PowerDown
 .text.Chip_SYSCTL_PowerUp
                0x00002230       0x40 C:\Users\LA\Documents\CanExample\lpc_chip_11cxx_lib\Debug\liblpc_chip_11cxx_lib.a(sysctl_11xx.o)
                0x00002230                Chip_SYSCTL_PowerUp
 .text.Chip_Clock_EnablePeriphClock
                0x00002270       0x30 C:\Users\LA\Documents\CanExample\lpc_chip_11cxx_lib\Debug\liblpc_chip_11cxx_lib.a(timer_11xx.o)
 .text.Chip_TIMER_GetClock
                0x000022a0       0x60 C:\Users\LA\Documents\CanExample\lpc_chip_11cxx_lib\Debug\liblpc_chip_11cxx_lib.a(timer_11xx.o)
 .text.Chip_TIMER_Init
                0x00002300       0x20 C:\Users\LA\Documents\CanExample\lpc_chip_11cxx_lib\Debug\liblpc_chip_11cxx_lib.a(timer_11xx.o)
                0x00002300                Chip_TIMER_Init
 .text.Chip_TIMER_Reset
                0x00002320       0x38 C:\Users\LA\Documents\CanExample\lpc_chip_11cxx_lib\Debug\liblpc_chip_11cxx_lib.a(timer_11xx.o)
                0x00002320                Chip_TIMER_Reset
 .text.__weak_main
                0x00002358        0x8 c:/nxp/mcuxpressoide_11.1.0_3209/ide/plugins/com.nxp.mcuxpresso.tools.win32_11.1.0.201909161352/tools/bin/../lib/gcc/arm-none-eabi/8.3.1/../../../../arm-none-eabi/lib/thumb/v6-m/nofp\libcr_c.a(__weak__main.o)
                0x00002358                __weak_main
                0x00002358                __main
 .text.log      0x00002360      0x1c0 c:/nxp/mcuxpressoide_11.1.0_3209/ide/plugins/com.nxp.mcuxpresso.tools.win32_11.1.0.201909161352/tools/bin/../lib/gcc/arm-none-eabi/8.3.1/../../../../arm-none-eabi/lib/thumb/v6-m/nofp\libcr_c.a(log.o)
                0x00002360                log
 .text.frexp    0x00002520       0x80 c:/nxp/mcuxpressoide_11.1.0_3209/ide/plugins/com.nxp.mcuxpresso.tools.win32_11.1.0.201909161352/tools/bin/../lib/gcc/arm-none-eabi/8.3.1/../../../../arm-none-eabi/lib/thumb/v6-m/nofp\libcr_c.a(frexp.o)
                0x00002520                frexp
 .text.__aeabi_division_idivmod
                0x000025a0       0x78 c:/nxp/mcuxpressoide_11.1.0_3209/ide/plugins/com.nxp.mcuxpresso.tools.win32_11.1.0.201909161352/tools/bin/../lib/gcc/arm-none-eabi/8.3.1/thumb/v6-m/nofp\libcr_eabihelpers.a(division_32.o)
                0x000025a0                __aeabi_idivmod
                0x000025a0                __aeabi_idiv
                0x000025a6                __aeabi_uidivmod
                0x000025a6                __aeabi_uidiv
 .text.__aeabi_division_idiv0
                0x00002618        0x2 c:/nxp/mcuxpressoide_11.1.0_3209/ide/plugins/com.nxp.mcuxpresso.tools.win32_11.1.0.201909161352/tools/bin/../lib/gcc/arm-none-eabi/8.3.1/thumb/v6-m/nofp\libcr_eabihelpers.a(division_idiv0.o)
                0x00002618                __aeabi_idiv0
 *fill*         0x0000261a        0x2 ff
 .text.__aeabi_dmul
                0x0000261c      0x188 c:/nxp/mcuxpressoide_11.1.0_3209/ide/plugins/com.nxp.mcuxpresso.tools.win32_11.1.0.201909161352/tools/bin/../lib/gcc/arm-none-eabi/8.3.1/thumb/v6-m/nofp\libcr_eabihelpers.a(double.o)
                0x0000261c                __aeabi_dmul
 .text.__aeabi_ddiv
                0x000027a4      0x148 c:/nxp/mcuxpressoide_11.1.0_3209/ide/plugins/com.nxp.mcuxpresso.tools.win32_11.1.0.201909161352/tools/bin/../lib/gcc/arm-none-eabi/8.3.1/thumb/v6-m/nofp\libcr_eabihelpers.a(double.o)
                0x000027a4                __aeabi_ddiv
 .text.__aeabi_dsub
                0x000028ec      0x1c4 c:/nxp/mcuxpressoide_11.1.0_3209/ide/plugins/com.nxp.mcuxpresso.tools.win32_11.1.0.201909161352/tools/bin/../lib/gcc/arm-none-eabi/8.3.1/thumb/v6-m/nofp\libcr_eabihelpers.a(double.o)
                0x000028ec                __aeabi_dsub
 .text.__aeabi_dadd
                0x00002ab0      0x12c c:/nxp/mcuxpressoide_11.1.0_3209/ide/plugins/com.nxp.mcuxpresso.tools.win32_11.1.0.201909161352/tools/bin/../lib/gcc/arm-none-eabi/8.3.1/thumb/v6-m/nofp\libcr_eabihelpers.a(double.o)
                0x00002ab0                __aeabi_dadd
 .text.__aeabi_d2f
                0x00002bdc       0x60 c:/nxp/mcuxpressoide_11.1.0_3209/ide/plugins/com.nxp.mcuxpresso.tools.win32_11.1.0.201909161352/tools/bin/../lib/gcc/arm-none-eabi/8.3.1/thumb/v6-m/nofp\libcr_eabihelpers.a(double.o)
                0x00002bdc                __aeabi_d2f
 .text.__aeabi_d2iz
                0x00002c3c       0x4c c:/nxp/mcuxpressoide_11.1.0_3209/ide/plugins/com.nxp.mcuxpresso.tools.win32_11.1.0.201909161352/tools/bin/../lib/gcc/arm-none-eabi/8.3.1/thumb/v6-m/nofp\libcr_eabihelpers.a(double.o)
                0x00002c3c                __aeabi_d2iz
 .text.__bhs_ui2d
                0x00002c88       0x5e c:/nxp/mcuxpressoide_11.1.0_3209/ide/plugins/com.nxp.mcuxpresso.tools.win32_11.1.0.201909161352/tools/bin/../lib/gcc/arm-none-eabi/8.3.1/thumb/v6-m/nofp\libcr_eabihelpers.a(double.o)
                0x00002c88                __bhs_ui2d
 .text.__aeabi_i2d
                0x00002ce6       0x18 c:/nxp/mcuxpressoide_11.1.0_3209/ide/plugins/com.nxp.mcuxpresso.tools.win32_11.1.0.201909161352/tools/bin/../lib/gcc/arm-none-eabi/8.3.1/thumb/v6-m/nofp\libcr_eabihelpers.a(double.o)
                0x00002ce6                __aeabi_i2d
 *fill*         0x00002cfe        0x2 ff
 .text.__aeabi_dcmpeq
                0x00002d00       0x30 c:/nxp/mcuxpressoide_11.1.0_3209/ide/plugins/com.nxp.mcuxpresso.tools.win32_11.1.0.201909161352/tools/bin/../lib/gcc/arm-none-eabi/8.3.1/thumb/v6-m/nofp\libcr_eabihelpers.a(double.o)
                0x00002d00                __aeabi_dcmpeq
 .text.__aeabi_dcmpgt
                0x00002d30       0x58 c:/nxp/mcuxpressoide_11.1.0_3209/ide/plugins/com.nxp.mcuxpresso.tools.win32_11.1.0.201909161352/tools/bin/../lib/gcc/arm-none-eabi/8.3.1/thumb/v6-m/nofp\libcr_eabihelpers.a(double.o)
                0x00002d30                __aeabi_dcmpgt
 .text.__aeabi_dcmple
                0x00002d88       0x58 c:/nxp/mcuxpressoide_11.1.0_3209/ide/plugins/com.nxp.mcuxpresso.tools.win32_11.1.0.201909161352/tools/bin/../lib/gcc/arm-none-eabi/8.3.1/thumb/v6-m/nofp\libcr_eabihelpers.a(double.o)
                0x00002d88                __aeabi_dcmple
 .text.__aeabi_fmul
                0x00002de0       0xc4 c:/nxp/mcuxpressoide_11.1.0_3209/ide/plugins/com.nxp.mcuxpresso.tools.win32_11.1.0.201909161352/tools/bin/../lib/gcc/arm-none-eabi/8.3.1/thumb/v6-m/nofp\libcr_eabihelpers.a(float.o)
                0x00002de0                __aeabi_fmul
 .text.__aeabi_fdiv
                0x00002ea4       0xdc c:/nxp/mcuxpressoide_11.1.0_3209/ide/plugins/com.nxp.mcuxpresso.tools.win32_11.1.0.201909161352/tools/bin/../lib/gcc/arm-none-eabi/8.3.1/thumb/v6-m/nofp\libcr_eabihelpers.a(float.o)
                0x00002ea4                __aeabi_fdiv
 .text.__aeabi_f2d
                0x00002f80       0x3c c:/nxp/mcuxpressoide_11.1.0_3209/ide/plugins/com.nxp.mcuxpresso.tools.win32_11.1.0.201909161352/tools/bin/../lib/gcc/arm-none-eabi/8.3.1/thumb/v6-m/nofp\libcr_eabihelpers.a(float.o)
                0x00002f80                __aeabi_f2d
 .text.__aeabi_llong_lmul
                0x00002fbc       0x2e c:/nxp/mcuxpressoide_11.1.0_3209/ide/plugins/com.nxp.mcuxpresso.tools.win32_11.1.0.201909161352/tools/bin/../lib/gcc/arm-none-eabi/8.3.1/thumb/v6-m/nofp\libcr_eabihelpers.a(llong.o)
                0x00002fbc                __aeabi_lmul
 *(.rodata .rodata.* .constdata .constdata.*)
 *fill*         0x00002fea        0x2 ff
 .rodata.pinmuxing
                0x00002fec       0x28 C:\Users\LA\Documents\CanExample\nxp_lpcxpresso_11c24_board_lib\Debug\libnxp_lpcxpresso_11c24_board_lib.a(board_sysinit.o)
 .rodata.wdtOSCRate
                0x00003014       0x40 C:\Users\LA\Documents\CanExample\lpc_chip_11cxx_lib\Debug\liblpc_chip_11cxx_lib.a(clock_11xx.o)
                0x00003054                . = ALIGN (0x4)

.glue_7         0x00003054        0x0
 .glue_7        0x00003054        0x0 linker stubs

.glue_7t        0x00003054        0x0
 .glue_7t       0x00003054        0x0 linker stubs

.vfp11_veneer   0x00003054        0x0
 .vfp11_veneer  0x00003054        0x0 linker stubs

.v4_bx          0x00003054        0x0
 .v4_bx         0x00003054        0x0 linker stubs

.iplt           0x00003054        0x0
 .iplt          0x00003054        0x0 ./src/CANopen/CanNodeDef.o

.rel.dyn        0x00003054        0x0
 .rel.iplt      0x00003054        0x0 ./src/CANopen/CanNodeDef.o

.ARM.extab
 *(.ARM.extab* .gnu.linkonce.armextab.*)
                0x00003054                __exidx_start = .

.ARM.exidx
 *(.ARM.exidx* .gnu.linkonce.armexidx.*)
                0x00003054                __exidx_end = .
                0x00003054                _etext = .

.uninit_RESERVED
                0x10000000       0xb8
                0x10000000                _start_uninit_RESERVED = .
 *(.bss.$RESERVED*)
 .bss.$RESERVED
                0x10000000       0xb8 ./src/CANopen/canopen_driver.o
                0x10000000                CAN_driver_memory
                0x100000b8                . = ALIGN (0x4)
                0x100000b8                _end_uninit_RESERVED = .

.data           0x100000b8       0xcc load address 0x00003054
 FILL mask 0xff
                0x100000b8                _data = .
                [!provide]                PROVIDE (__start_data_RAM = .)
                [!provide]                PROVIDE (__start_data_RamLoc8 = .)
 *(vtable)
 *(.ramfunc*)
 *(CodeQuickAccess)
 *(DataQuickAccess)
 *(RamFunction)
 *(.data*)
 .data.canOpenTimeoutVal
                0x100000b8        0x4 ./src/CANopen/CanNodeDef.o
                0x100000b8                canOpenTimeoutVal
 .data.Version_Data
                0x100000bc        0xd ./src/CANopen/CanNodeDef.o
                0x100000bc                Version_Data
 *fill*         0x100000c9        0x3 ff
 .data.SDOS_Version
                0x100000cc        0x8 ./src/CANopen/CanNodeDef.o
                0x100000cc                SDOS_Version
 .data.WatchListLength
                0x100000d4        0x1 ./src/CANopen/CanNodeDef.o
                0x100000d4                WatchListLength
 *fill*         0x100000d5        0x3 ff
 .data.constObjectDir
                0x100000d8       0x18 ./src/CANopen/CanNodeDef.o
                0x100000d8                constObjectDir
 .data.numberConstObjectDirEntries
                0x100000f0        0x4 ./src/CANopen/CanNodeDef.o
                0x100000f0                numberConstObjectDirEntries
 .data.objectDir
                0x100000f4       0x30 ./src/CANopen/CanNodeDef.o
                0x100000f4                objectDir
 .data.numberObjectDirEntries
                0x10000124        0x4 ./src/CANopen/CanNodeDef.o
                0x10000124                numberObjectDirEntries
 .data.canOpenCfg
                0x10000128       0x14 ./src/CANopen/CanNodeDef.o
                0x10000128                canOpenCfg
 .data.callbacks
                0x1000013c       0x20 ./src/CANopen/canopen_driver.o
                0x1000013c                callbacks
 .data.msg_NMT_TX.5911
                0x1000015c       0x14 ./src/CANopen/canopen_driver.o
 .data.msg_HeartbeatTX.5924
                0x10000170       0x14 ./src/CANopen/canopen_driver.o
                0x10000184                . = ALIGN (0x4)
                0x10000184                _edata = .
                [!provide]                PROVIDE (__end_data_RAM = .)
                [!provide]                PROVIDE (__end_data_RamLoc8 = .)

.igot.plt       0x10000184        0x0 load address 0x00003120
 .igot.plt      0x10000184        0x0 ./src/CANopen/CanNodeDef.o

.bss            0x10000184       0x84
                0x10000184                _bss = .
                [!provide]                PROVIDE (__start_bss_RAM = .)
                [!provide]                PROVIDE (__start_bss_RamLoc8 = .)
 *(.bss*)
 .bss.boardTemperature
                0x10000184        0x4 ./src/CANopen/CanNodeDef.o
                0x10000184                boardTemperature
 .bss.error_register
                0x10000188        0x1 ./src/CANopen/CanNodeDef.o
                0x10000188                error_register
 *fill*         0x10000189        0x3 
 .bss.CANopen_Heartbeat_Producer_Value
                0x1000018c        0x4 ./src/CANopen/CanNodeDef.o
                0x1000018c                CANopen_Heartbeat_Producer_Value
 .bss.WatchList
                0x10000190       0x10 ./src/CANopen/CanNodeDef.o
                0x10000190                WatchList
 .bss.canOpen_RX_Callback
                0x100001a0        0x4 ./src/CANopen/canopen_driver.o
                0x100001a0                canOpen_RX_Callback
 .bss.CANopen_Timeout
                0x100001a4        0x4 ./src/CANopen/canopen_driver.o
                0x100001a4                CANopen_Timeout
 .bss.CANopen_SDOC_Exp_ValidBytes
                0x100001a8        0x4 ./src/CANopen/canopen_driver.o
                0x100001a8                CANopen_SDOC_Exp_ValidBytes
 .bss.CANopen_SDOC_InBuff
                0x100001ac        0x4 ./src/CANopen/canopen_driver.o
                0x100001ac                CANopen_SDOC_InBuff
 .bss.CANopen_SDOC_Buff
                0x100001b0        0x4 ./src/CANopen/canopen_driver.o
                0x100001b0                CANopen_SDOC_Buff
 .bss.CANopen_SDOC_Seg_BuffSize
                0x100001b4        0x4 ./src/CANopen/canopen_driver.o
                0x100001b4                CANopen_SDOC_Seg_BuffSize
 .bss.CANopen_SDOC_Seg_ID
                0x100001b8        0x2 ./src/CANopen/canopen_driver.o
                0x100001b8                CANopen_SDOC_Seg_ID
 .bss.CANopen_NMT_MyState
                0x100001ba        0x1 ./src/CANopen/canopen_driver.o
                0x100001ba                CANopen_NMT_MyState
 .bss.CANopen_SDOC_State
                0x100001bb        0x1 ./src/CANopen/canopen_driver.o
                0x100001bb                CANopen_SDOC_State
 .bss.CANopen_Heartbeat_Producer_Counter
                0x100001bc        0x4 ./src/CANopen/canopen_driver.o
                0x100001bc                CANopen_Heartbeat_Producer_Counter
 .bss.reInit_ID.5875
                0x100001c0        0x1 ./src/CANopen/canopen_driver.o
 *fill*         0x100001c1        0x3 
 .bss.reInit_buf.5876
                0x100001c4        0x8 ./src/CANopen/canopen_driver.o
 .bss.reInit_state.5877
                0x100001cc        0x1 ./src/CANopen/canopen_driver.o
 *fill*         0x100001cd        0x3 
 .bss.SDOS_Buffer.5934
                0x100001d0        0x4 ./src/CANopen/canopen_driver.o
 .bss.read_ofs.5933
                0x100001d4        0x2 ./src/CANopen/canopen_driver.o
 *fill*         0x100001d6        0x2 
 .bss.SDOS_Buffer.5952
                0x100001d8        0x4 ./src/CANopen/canopen_driver.o
 .bss.write_ofs.5951
                0x100001dc        0x2 ./src/CANopen/canopen_driver.o
 *fill*         0x100001de        0x2 
 .bss.logPDO_TX
                0x100001e0       0x14 ./src/canHandler.o
 .bss.timeout   0x100001f4        0x1 ./src/canHandler.o
                0x100001f4                timeout
 *fill*         0x100001f5        0x3 
 .bss.ADCSetup.6025
                0x100001f8        0x8 ./src/main.o
 .bss.errno     0x10000200        0x4 c:/nxp/mcuxpressoide_11.1.0_3209/ide/plugins/com.nxp.mcuxpresso.tools.win32_11.1.0.201909161352/tools/bin/../lib/gcc/arm-none-eabi/8.3.1/../../../../arm-none-eabi/lib/thumb/v6-m/nofp\libcr_c.a(errno.o)
                0x10000200                errno
 *(COMMON)
 COMMON         0x10000204        0x4 C:\Users\LA\Documents\CanExample\lpc_chip_11cxx_lib\Debug\liblpc_chip_11cxx_lib.a(chip_11xx.o)
                0x10000204                SystemCoreClock
                0x10000208                . = ALIGN (0x4)
                0x10000208                _ebss = .
                [!provide]                PROVIDE (__end_bss_RAM = .)
                [!provide]                PROVIDE (__end_bss_RamLoc8 = .)
                [!provide]                PROVIDE (end = .)

.noinit         0x10000208        0x0
                0x10000208                _noinit = .
                [!provide]                PROVIDE (__start_noinit_RAM = .)
                [!provide]                PROVIDE (__start_noinit_RamLoc8 = .)
 *(.noinit*)
                0x10000208                . = ALIGN (0x4)
                0x10000208                _end_noinit = .
                [!provide]                PROVIDE (__end_noinit_RAM = .)
                [!provide]                PROVIDE (__end_noinit_RamLoc8 = .)
                [!provide]                PROVIDE (_pvHeapStart = DEFINED (__user_heap_base)?__user_heap_base:.)
                0x10002000                PROVIDE (_vStackTop = DEFINED (__user_stack_top)?__user_stack_top:(__top_RamLoc8 - 0x0))
                0xefffdb1f                PROVIDE (__valid_user_code_checksum = (0x0 - (((_vStackTop + (ResetISR + 0x1)) + (DEFINED (NMI_Handler)?NMI_Handler:M0_NMI_Handler + 0x1)) + (DEFINED (HardFault_Handler)?HardFault_Handler:M0_HardFault_Handler + 0x1))))
                0x00000000                _image_start = LOADADDR (.text)
                0x00003120                _image_end = (LOADADDR (.data) + SIZEOF (.data))
                0x00003120                _image_size = (_image_end - _image_start)
OUTPUT(ZSOM-Control-NXP.axf elf32-littlearm)

.debug_info     0x00000000     0x7555
 .debug_info    0x00000000      0x4a2 ./src/CANopen/CanNodeDef.o
 .debug_info    0x000004a2     0x1658 ./src/CANopen/canopen_driver.o
 .debug_info    0x00001afa      0xadf ./src/canHandler.o
 .debug_info    0x000025d9      0x221 ./src/cr_startup_lpc11xx.o
 .debug_info    0x000027fa       0x40 ./src/crp.o
 .debug_info    0x0000283a      0xcd7 ./src/main.o
 .debug_info    0x00003511      0x20f ./src/sysinit.o
 .debug_info    0x00003720      0xbe6 C:\Users\LA\Documents\CanExample\nxp_lpcxpresso_11c24_board_lib\Debug\libnxp_lpcxpresso_11c24_board_lib.a(board_sysinit.o)
 .debug_info    0x00004306      0xd1a C:\Users\LA\Documents\CanExample\lpc_chip_11cxx_lib\Debug\liblpc_chip_11cxx_lib.a(adc_11xx.o)
 .debug_info    0x00005020      0x10c C:\Users\LA\Documents\CanExample\lpc_chip_11cxx_lib\Debug\liblpc_chip_11cxx_lib.a(chip_11xx.o)
 .debug_info    0x0000512c      0x940 C:\Users\LA\Documents\CanExample\lpc_chip_11cxx_lib\Debug\liblpc_chip_11cxx_lib.a(clock_11xx.o)
 .debug_info    0x00005a6c      0xc31 C:\Users\LA\Documents\CanExample\lpc_chip_11cxx_lib\Debug\liblpc_chip_11cxx_lib.a(gpio_11xx_2.o)
 .debug_info    0x0000669d      0x617 C:\Users\LA\Documents\CanExample\lpc_chip_11cxx_lib\Debug\liblpc_chip_11cxx_lib.a(sysctl_11xx.o)
 .debug_info    0x00006cb4      0x8a1 C:\Users\LA\Documents\CanExample\lpc_chip_11cxx_lib\Debug\liblpc_chip_11cxx_lib.a(timer_11xx.o)

.debug_abbrev   0x00000000     0x183d
 .debug_abbrev  0x00000000      0x111 ./src/CANopen/CanNodeDef.o
 .debug_abbrev  0x00000111      0x2ea ./src/CANopen/canopen_driver.o
 .debug_abbrev  0x000003fb      0x2ee ./src/canHandler.o
 .debug_abbrev  0x000006e9      0x106 ./src/cr_startup_lpc11xx.o
 .debug_abbrev  0x000007ef       0x38 ./src/crp.o
 .debug_abbrev  0x00000827      0x2ba ./src/main.o
 .debug_abbrev  0x00000ae1       0xcc ./src/sysinit.o
 .debug_abbrev  0x00000bad      0x25f C:\Users\LA\Documents\CanExample\nxp_lpcxpresso_11c24_board_lib\Debug\libnxp_lpcxpresso_11c24_board_lib.a(board_sysinit.o)
 .debug_abbrev  0x00000e0c      0x251 C:\Users\LA\Documents\CanExample\lpc_chip_11cxx_lib\Debug\liblpc_chip_11cxx_lib.a(adc_11xx.o)
 .debug_abbrev  0x0000105d       0xb0 C:\Users\LA\Documents\CanExample\lpc_chip_11cxx_lib\Debug\liblpc_chip_11cxx_lib.a(chip_11xx.o)
 .debug_abbrev  0x0000110d      0x212 C:\Users\LA\Documents\CanExample\lpc_chip_11cxx_lib\Debug\liblpc_chip_11cxx_lib.a(clock_11xx.o)
 .debug_abbrev  0x0000131f      0x20a C:\Users\LA\Documents\CanExample\lpc_chip_11cxx_lib\Debug\liblpc_chip_11cxx_lib.a(gpio_11xx_2.o)
 .debug_abbrev  0x00001529      0x120 C:\Users\LA\Documents\CanExample\lpc_chip_11cxx_lib\Debug\liblpc_chip_11cxx_lib.a(sysctl_11xx.o)
 .debug_abbrev  0x00001649      0x1f4 C:\Users\LA\Documents\CanExample\lpc_chip_11cxx_lib\Debug\liblpc_chip_11cxx_lib.a(timer_11xx.o)

.debug_aranges  0x00000000      0x5a0
 .debug_aranges
                0x00000000       0x20 ./src/CANopen/CanNodeDef.o
 .debug_aranges
                0x00000020       0xc8 ./src/CANopen/canopen_driver.o
 .debug_aranges
                0x000000e8       0xb8 ./src/canHandler.o
 .debug_aranges
                0x000001a0       0x60 ./src/cr_startup_lpc11xx.o
 .debug_aranges
                0x00000200       0x18 ./src/crp.o
 .debug_aranges
                0x00000218       0x88 ./src/main.o
 .debug_aranges
                0x000002a0       0x20 ./src/sysinit.o
 .debug_aranges
                0x000002c0       0x60 C:\Users\LA\Documents\CanExample\nxp_lpcxpresso_11c24_board_lib\Debug\libnxp_lpcxpresso_11c24_board_lib.a(board_sysinit.o)
 .debug_aranges
                0x00000320       0xa0 C:\Users\LA\Documents\CanExample\lpc_chip_11cxx_lib\Debug\liblpc_chip_11cxx_lib.a(adc_11xx.o)
 .debug_aranges
                0x000003c0       0x20 C:\Users\LA\Documents\CanExample\lpc_chip_11cxx_lib\Debug\liblpc_chip_11cxx_lib.a(chip_11xx.o)
 .debug_aranges
                0x000003e0       0x88 C:\Users\LA\Documents\CanExample\lpc_chip_11cxx_lib\Debug\liblpc_chip_11cxx_lib.a(clock_11xx.o)
 .debug_aranges
                0x00000468       0xb0 C:\Users\LA\Documents\CanExample\lpc_chip_11cxx_lib\Debug\liblpc_chip_11cxx_lib.a(gpio_11xx_2.o)
 .debug_aranges
                0x00000518       0x38 C:\Users\LA\Documents\CanExample\lpc_chip_11cxx_lib\Debug\liblpc_chip_11cxx_lib.a(sysctl_11xx.o)
 .debug_aranges
                0x00000550       0x50 C:\Users\LA\Documents\CanExample\lpc_chip_11cxx_lib\Debug\liblpc_chip_11cxx_lib.a(timer_11xx.o)

.debug_ranges   0x00000000      0x4b8
 .debug_ranges  0x00000000       0x10 ./src/CANopen/CanNodeDef.o
 .debug_ranges  0x00000010       0xb8 ./src/CANopen/canopen_driver.o
 .debug_ranges  0x000000c8       0xa8 ./src/canHandler.o
 .debug_ranges  0x00000170       0x50 ./src/cr_startup_lpc11xx.o
 .debug_ranges  0x000001c0       0x78 ./src/main.o
 .debug_ranges  0x00000238       0x10 ./src/sysinit.o
 .debug_ranges  0x00000248       0x50 C:\Users\LA\Documents\CanExample\nxp_lpcxpresso_11c24_board_lib\Debug\libnxp_lpcxpresso_11c24_board_lib.a(board_sysinit.o)
 .debug_ranges  0x00000298       0x90 C:\Users\LA\Documents\CanExample\lpc_chip_11cxx_lib\Debug\liblpc_chip_11cxx_lib.a(adc_11xx.o)
 .debug_ranges  0x00000328       0x10 C:\Users\LA\Documents\CanExample\lpc_chip_11cxx_lib\Debug\liblpc_chip_11cxx_lib.a(chip_11xx.o)
 .debug_ranges  0x00000338       0x78 C:\Users\LA\Documents\CanExample\lpc_chip_11cxx_lib\Debug\liblpc_chip_11cxx_lib.a(clock_11xx.o)
 .debug_ranges  0x000003b0       0xa0 C:\Users\LA\Documents\CanExample\lpc_chip_11cxx_lib\Debug\liblpc_chip_11cxx_lib.a(gpio_11xx_2.o)
 .debug_ranges  0x00000450       0x28 C:\Users\LA\Documents\CanExample\lpc_chip_11cxx_lib\Debug\liblpc_chip_11cxx_lib.a(sysctl_11xx.o)
 .debug_ranges  0x00000478       0x40 C:\Users\LA\Documents\CanExample\lpc_chip_11cxx_lib\Debug\liblpc_chip_11cxx_lib.a(timer_11xx.o)

.debug_macro    0x00000000     0x3ee3
 .debug_macro   0x00000000      0x17e ./src/CANopen/CanNodeDef.o
 .debug_macro   0x0000017e      0xa84 ./src/CANopen/CanNodeDef.o
 .debug_macro   0x00000c02       0x10 ./src/CANopen/CanNodeDef.o
 .debug_macro   0x00000c12      0x12e ./src/CANopen/CanNodeDef.o
 .debug_macro   0x00000d40      0x5b3 ./src/CANopen/CanNodeDef.o
 .debug_macro   0x000012f3       0x22 ./src/CANopen/CanNodeDef.o
 .debug_macro   0x00001315       0x7b ./src/CANopen/CanNodeDef.o
 .debug_macro   0x00001390       0x10 ./src/CANopen/CanNodeDef.o
 .debug_macro   0x000013a0       0x1f ./src/CANopen/CanNodeDef.o
 .debug_macro   0x000013bf       0x3a ./src/CANopen/CanNodeDef.o
 .debug_macro   0x000013f9      0x241 ./src/CANopen/CanNodeDef.o
 .debug_macro   0x0000163a      0x117 ./src/CANopen/CanNodeDef.o
 .debug_macro   0x00001751       0x22 ./src/CANopen/CanNodeDef.o
 .debug_macro   0x00001773       0xb2 ./src/CANopen/CanNodeDef.o
 .debug_macro   0x00001825       0x10 ./src/CANopen/CanNodeDef.o
 .debug_macro   0x00001835      0x137 ./src/CANopen/CanNodeDef.o
 .debug_macro   0x0000196c       0x4c ./src/CANopen/CanNodeDef.o
 .debug_macro   0x000019b8       0x16 ./src/CANopen/CanNodeDef.o
 .debug_macro   0x000019ce      0x31a ./src/CANopen/CanNodeDef.o
 .debug_macro   0x00001ce8       0x2e ./src/CANopen/CanNodeDef.o
 .debug_macro   0x00001d16       0xb8 ./src/CANopen/CanNodeDef.o
 .debug_macro   0x00001dce       0x11 ./src/CANopen/CanNodeDef.o
 .debug_macro   0x00001ddf       0x7c ./src/CANopen/CanNodeDef.o
 .debug_macro   0x00001e5b      0x21c ./src/CANopen/CanNodeDef.o
 .debug_macro   0x00002077      0x113 ./src/CANopen/CanNodeDef.o
 .debug_macro   0x0000218a       0x10 ./src/CANopen/CanNodeDef.o
 .debug_macro   0x0000219a       0xbe ./src/CANopen/CanNodeDef.o
 .debug_macro   0x00002258      0x17d ./src/CANopen/canopen_driver.o
 .debug_macro   0x000023d5       0x82 ./src/CANopen/canopen_driver.o
 .debug_macro   0x00002457      0x198 ./src/canHandler.o
 .debug_macro   0x000025ef       0x1d ./src/cr_startup_lpc11xx.o
 .debug_macro   0x0000260c       0x1a ./src/crp.o
 .debug_macro   0x00002626       0x34 ./src/crp.o
 .debug_macro   0x0000265a      0x19b ./src/main.o
 .debug_macro   0x000027f5       0xc4 ./src/main.o
 .debug_macro   0x000028b9      0x17d ./src/sysinit.o
 .debug_macro   0x00002a36       0x10 ./src/sysinit.o
 .debug_macro   0x00002a46       0x9a ./src/sysinit.o
 .debug_macro   0x00002ae0       0x20 ./src/sysinit.o
 .debug_macro   0x00002b00      0x18b C:\Users\LA\Documents\CanExample\nxp_lpcxpresso_11c24_board_lib\Debug\libnxp_lpcxpresso_11c24_board_lib.a(board_sysinit.o)
 .debug_macro   0x00002c8b      0xa7e C:\Users\LA\Documents\CanExample\nxp_lpcxpresso_11c24_board_lib\Debug\libnxp_lpcxpresso_11c24_board_lib.a(board_sysinit.o)
 .debug_macro   0x00003709      0x148 C:\Users\LA\Documents\CanExample\lpc_chip_11cxx_lib\Debug\liblpc_chip_11cxx_lib.a(adc_11xx.o)
 .debug_macro   0x00003851      0x148 C:\Users\LA\Documents\CanExample\lpc_chip_11cxx_lib\Debug\liblpc_chip_11cxx_lib.a(chip_11xx.o)
 .debug_macro   0x00003999      0x148 C:\Users\LA\Documents\CanExample\lpc_chip_11cxx_lib\Debug\liblpc_chip_11cxx_lib.a(clock_11xx.o)
 .debug_macro   0x00003ae1      0x148 C:\Users\LA\Documents\CanExample\lpc_chip_11cxx_lib\Debug\liblpc_chip_11cxx_lib.a(gpio_11xx_2.o)
 .debug_macro   0x00003c29      0x172 C:\Users\LA\Documents\CanExample\lpc_chip_11cxx_lib\Debug\liblpc_chip_11cxx_lib.a(sysctl_11xx.o)
 .debug_macro   0x00003d9b      0x148 C:\Users\LA\Documents\CanExample\lpc_chip_11cxx_lib\Debug\liblpc_chip_11cxx_lib.a(timer_11xx.o)

.debug_line     0x00000000     0x457e
 .debug_line    0x00000000      0x3cc ./src/CANopen/CanNodeDef.o
 .debug_line    0x000003cc      0xef3 ./src/CANopen/canopen_driver.o
 .debug_line    0x000012bf      0x6af ./src/canHandler.o
 .debug_line    0x0000196e      0x135 ./src/cr_startup_lpc11xx.o
 .debug_line    0x00001aa3       0xb1 ./src/crp.o
 .debug_line    0x00001b54      0x5cc ./src/main.o
 .debug_line    0x00002120      0x38f ./src/sysinit.o
 .debug_line    0x000024af      0x50a C:\Users\LA\Documents\CanExample\nxp_lpcxpresso_11c24_board_lib\Debug\libnxp_lpcxpresso_11c24_board_lib.a(board_sysinit.o)
 .debug_line    0x000029b9      0x5eb C:\Users\LA\Documents\CanExample\lpc_chip_11cxx_lib\Debug\liblpc_chip_11cxx_lib.a(adc_11xx.o)
 .debug_line    0x00002fa4      0x32b C:\Users\LA\Documents\CanExample\lpc_chip_11cxx_lib\Debug\liblpc_chip_11cxx_lib.a(chip_11xx.o)
 .debug_line    0x000032cf      0x545 C:\Users\LA\Documents\CanExample\lpc_chip_11cxx_lib\Debug\liblpc_chip_11cxx_lib.a(clock_11xx.o)
 .debug_line    0x00003814      0x594 C:\Users\LA\Documents\CanExample\lpc_chip_11cxx_lib\Debug\liblpc_chip_11cxx_lib.a(gpio_11xx_2.o)
 .debug_line    0x00003da8      0x3ac C:\Users\LA\Documents\CanExample\lpc_chip_11cxx_lib\Debug\liblpc_chip_11cxx_lib.a(sysctl_11xx.o)
 .debug_line    0x00004154      0x42a C:\Users\LA\Documents\CanExample\lpc_chip_11cxx_lib\Debug\liblpc_chip_11cxx_lib.a(timer_11xx.o)

.debug_str      0x00000000     0xbe3f
 .debug_str     0x00000000     0x8c38 ./src/CANopen/CanNodeDef.o
                               0x8d3a (size before relaxing)
 .debug_str     0x00008c38      0xfe4 ./src/CANopen/canopen_driver.o
                               0x9cce (size before relaxing)
 .debug_str     0x00009c1c      0x28d ./src/canHandler.o
                               0x91de (size before relaxing)
 .debug_str     0x00009ea9      0x18c ./src/cr_startup_lpc11xx.o
                               0x2eaa (size before relaxing)
 .debug_str     0x0000a035       0xe9 ./src/crp.o
                               0x2e01 (size before relaxing)
 .debug_str     0x0000a11e      0x994 ./src/main.o
                               0x999c (size before relaxing)
 .debug_str     0x0000aab2      0x352 ./src/sysinit.o
                               0x89d9 (size before relaxing)
 .debug_str     0x0000ae04      0x3c3 C:\Users\LA\Documents\CanExample\nxp_lpcxpresso_11c24_board_lib\Debug\libnxp_lpcxpresso_11c24_board_lib.a(board_sysinit.o)
                               0x930e (size before relaxing)
 .debug_str     0x0000b1c7      0x2fb C:\Users\LA\Documents\CanExample\lpc_chip_11cxx_lib\Debug\liblpc_chip_11cxx_lib.a(adc_11xx.o)
                               0x8f09 (size before relaxing)
 .debug_str     0x0000b4c2       0x29 C:\Users\LA\Documents\CanExample\lpc_chip_11cxx_lib\Debug\liblpc_chip_11cxx_lib.a(chip_11xx.o)
                               0x8666 (size before relaxing)
 .debug_str     0x0000b4eb      0x447 C:\Users\LA\Documents\CanExample\lpc_chip_11cxx_lib\Debug\liblpc_chip_11cxx_lib.a(clock_11xx.o)
                               0x8e3a (size before relaxing)
 .debug_str     0x0000b932      0x24c C:\Users\LA\Documents\CanExample\lpc_chip_11cxx_lib\Debug\liblpc_chip_11cxx_lib.a(gpio_11xx_2.o)
                               0x8d18 (size before relaxing)
 .debug_str     0x0000bb7e      0x19f C:\Users\LA\Documents\CanExample\lpc_chip_11cxx_lib\Debug\liblpc_chip_11cxx_lib.a(sysctl_11xx.o)
                               0x8a84 (size before relaxing)
 .debug_str     0x0000bd1d      0x122 C:\Users\LA\Documents\CanExample\lpc_chip_11cxx_lib\Debug\liblpc_chip_11cxx_lib.a(timer_11xx.o)
                               0x8c0b (size before relaxing)

.comment        0x00000000       0x76
 .comment       0x00000000       0x76 ./src/CANopen/CanNodeDef.o
                                 0x77 (size before relaxing)
 .comment       0x00000076       0x77 ./src/CANopen/canopen_driver.o
 .comment       0x00000076       0x77 ./src/canHandler.o
 .comment       0x00000076       0x77 ./src/cr_startup_lpc11xx.o
 .comment       0x00000076       0x77 ./src/crp.o
 .comment       0x00000076       0x77 ./src/main.o
 .comment       0x00000076       0x77 ./src/sysinit.o
 .comment       0x00000076       0x77 C:\Users\LA\Documents\CanExample\nxp_lpcxpresso_11c24_board_lib\Debug\libnxp_lpcxpresso_11c24_board_lib.a(board_sysinit.o)
 .comment       0x00000076       0x77 C:\Users\LA\Documents\CanExample\lpc_chip_11cxx_lib\Debug\liblpc_chip_11cxx_lib.a(adc_11xx.o)
 .comment       0x00000076       0x77 C:\Users\LA\Documents\CanExample\lpc_chip_11cxx_lib\Debug\liblpc_chip_11cxx_lib.a(chip_11xx.o)
 .comment       0x00000076       0x77 C:\Users\LA\Documents\CanExample\lpc_chip_11cxx_lib\Debug\liblpc_chip_11cxx_lib.a(clock_11xx.o)
 .comment       0x00000076       0x77 C:\Users\LA\Documents\CanExample\lpc_chip_11cxx_lib\Debug\liblpc_chip_11cxx_lib.a(gpio_11xx_2.o)
 .comment       0x00000076       0x77 C:\Users\LA\Documents\CanExample\lpc_chip_11cxx_lib\Debug\liblpc_chip_11cxx_lib.a(sysctl_11xx.o)
 .comment       0x00000076       0x77 C:\Users\LA\Documents\CanExample\lpc_chip_11cxx_lib\Debug\liblpc_chip_11cxx_lib.a(timer_11xx.o)
 .comment       0x00000076       0x77 c:/nxp/mcuxpressoide_11.1.0_3209/ide/plugins/com.nxp.mcuxpresso.tools.win32_11.1.0.201909161352/tools/bin/../lib/gcc/arm-none-eabi/8.3.1/../../../../arm-none-eabi/lib/thumb/v6-m/nofp\libcr_c.a(__weak__main.o)
 .comment       0x00000076       0x77 c:/nxp/mcuxpressoide_11.1.0_3209/ide/plugins/com.nxp.mcuxpresso.tools.win32_11.1.0.201909161352/tools/bin/../lib/gcc/arm-none-eabi/8.3.1/../../../../arm-none-eabi/lib/thumb/v6-m/nofp\libcr_c.a(log.o)
 .comment       0x00000076       0x77 c:/nxp/mcuxpressoide_11.1.0_3209/ide/plugins/com.nxp.mcuxpresso.tools.win32_11.1.0.201909161352/tools/bin/../lib/gcc/arm-none-eabi/8.3.1/../../../../arm-none-eabi/lib/thumb/v6-m/nofp\libcr_c.a(errno.o)
 .comment       0x00000076       0x77 c:/nxp/mcuxpressoide_11.1.0_3209/ide/plugins/com.nxp.mcuxpresso.tools.win32_11.1.0.201909161352/tools/bin/../lib/gcc/arm-none-eabi/8.3.1/../../../../arm-none-eabi/lib/thumb/v6-m/nofp\libcr_c.a(frexp.o)
 .comment       0x00000076       0x77 c:/nxp/mcuxpressoide_11.1.0_3209/ide/plugins/com.nxp.mcuxpresso.tools.win32_11.1.0.201909161352/tools/bin/../lib/gcc/arm-none-eabi/8.3.1/thumb/v6-m/nofp\libcr_eabihelpers.a(double.o)
 .comment       0x00000076       0x77 c:/nxp/mcuxpressoide_11.1.0_3209/ide/plugins/com.nxp.mcuxpresso.tools.win32_11.1.0.201909161352/tools/bin/../lib/gcc/arm-none-eabi/8.3.1/thumb/v6-m/nofp\libcr_eabihelpers.a(float.o)

.ARM.attributes
                0x00000000       0x2a
 .ARM.attributes
                0x00000000       0x2c ./src/CANopen/CanNodeDef.o
 .ARM.attributes
                0x0000002c       0x2c ./src/CANopen/canopen_driver.o
 .ARM.attributes
                0x00000058       0x2c ./src/canHandler.o
 .ARM.attributes
                0x00000084       0x2c ./src/cr_startup_lpc11xx.o
 .ARM.attributes
                0x000000b0       0x31 ./src/crp.o
 .ARM.attributes
                0x000000e1       0x2c ./src/main.o
 .ARM.attributes
                0x0000010d       0x2c ./src/sysinit.o
 .ARM.attributes
                0x00000139       0x2c C:\Users\LA\Documents\CanExample\nxp_lpcxpresso_11c24_board_lib\Debug\libnxp_lpcxpresso_11c24_board_lib.a(board_sysinit.o)
 .ARM.attributes
                0x00000165       0x2c C:\Users\LA\Documents\CanExample\lpc_chip_11cxx_lib\Debug\liblpc_chip_11cxx_lib.a(adc_11xx.o)
 .ARM.attributes
                0x00000191       0x2c C:\Users\LA\Documents\CanExample\lpc_chip_11cxx_lib\Debug\liblpc_chip_11cxx_lib.a(chip_11xx.o)
 .ARM.attributes
                0x000001bd       0x2c C:\Users\LA\Documents\CanExample\lpc_chip_11cxx_lib\Debug\liblpc_chip_11cxx_lib.a(clock_11xx.o)
 .ARM.attributes
                0x000001e9       0x2c C:\Users\LA\Documents\CanExample\lpc_chip_11cxx_lib\Debug\liblpc_chip_11cxx_lib.a(gpio_11xx_2.o)
 .ARM.attributes
                0x00000215       0x2c C:\Users\LA\Documents\CanExample\lpc_chip_11cxx_lib\Debug\liblpc_chip_11cxx_lib.a(sysctl_11xx.o)
 .ARM.attributes
                0x00000241       0x2c C:\Users\LA\Documents\CanExample\lpc_chip_11cxx_lib\Debug\liblpc_chip_11cxx_lib.a(timer_11xx.o)
 .ARM.attributes
                0x0000026d       0x2c c:/nxp/mcuxpressoide_11.1.0_3209/ide/plugins/com.nxp.mcuxpresso.tools.win32_11.1.0.201909161352/tools/bin/../lib/gcc/arm-none-eabi/8.3.1/../../../../arm-none-eabi/lib/thumb/v6-m/nofp\libcr_c.a(__weak__main.o)
 .ARM.attributes
                0x00000299       0x2c c:/nxp/mcuxpressoide_11.1.0_3209/ide/plugins/com.nxp.mcuxpresso.tools.win32_11.1.0.201909161352/tools/bin/../lib/gcc/arm-none-eabi/8.3.1/../../../../arm-none-eabi/lib/thumb/v6-m/nofp\libcr_c.a(log.o)
 .ARM.attributes
                0x000002c5       0x31 c:/nxp/mcuxpressoide_11.1.0_3209/ide/plugins/com.nxp.mcuxpresso.tools.win32_11.1.0.201909161352/tools/bin/../lib/gcc/arm-none-eabi/8.3.1/../../../../arm-none-eabi/lib/thumb/v6-m/nofp\libcr_c.a(errno.o)
 .ARM.attributes
                0x000002f6       0x2c c:/nxp/mcuxpressoide_11.1.0_3209/ide/plugins/com.nxp.mcuxpresso.tools.win32_11.1.0.201909161352/tools/bin/../lib/gcc/arm-none-eabi/8.3.1/../../../../arm-none-eabi/lib/thumb/v6-m/nofp\libcr_c.a(frexp.o)
 .ARM.attributes
                0x00000322       0x1c c:/nxp/mcuxpressoide_11.1.0_3209/ide/plugins/com.nxp.mcuxpresso.tools.win32_11.1.0.201909161352/tools/bin/../lib/gcc/arm-none-eabi/8.3.1/thumb/v6-m/nofp\libcr_eabihelpers.a(division_32.o)
 .ARM.attributes
                0x0000033e       0x1c c:/nxp/mcuxpressoide_11.1.0_3209/ide/plugins/com.nxp.mcuxpresso.tools.win32_11.1.0.201909161352/tools/bin/../lib/gcc/arm-none-eabi/8.3.1/thumb/v6-m/nofp\libcr_eabihelpers.a(division_idiv0.o)
 .ARM.attributes
                0x0000035a       0x2c c:/nxp/mcuxpressoide_11.1.0_3209/ide/plugins/com.nxp.mcuxpresso.tools.win32_11.1.0.201909161352/tools/bin/../lib/gcc/arm-none-eabi/8.3.1/thumb/v6-m/nofp\libcr_eabihelpers.a(double.o)
 .ARM.attributes
                0x00000386       0x2c c:/nxp/mcuxpressoide_11.1.0_3209/ide/plugins/com.nxp.mcuxpresso.tools.win32_11.1.0.201909161352/tools/bin/../lib/gcc/arm-none-eabi/8.3.1/thumb/v6-m/nofp\libcr_eabihelpers.a(float.o)
 .ARM.attributes
                0x000003b2       0x1c c:/nxp/mcuxpressoide_11.1.0_3209/ide/plugins/com.nxp.mcuxpresso.tools.win32_11.1.0.201909161352/tools/bin/../lib/gcc/arm-none-eabi/8.3.1/thumb/v6-m/nofp\libcr_eabihelpers.a(llong.o)

.debug_frame    0x00000000     0x11c4
 .debug_frame   0x00000000       0x2c ./src/CANopen/CanNodeDef.o
 .debug_frame   0x0000002c      0x2cc ./src/CANopen/canopen_driver.o
 .debug_frame   0x000002f8      0x284 ./src/canHandler.o
 .debug_frame   0x0000057c      0x118 ./src/cr_startup_lpc11xx.o
 .debug_frame   0x00000694      0x1c4 ./src/main.o
 .debug_frame   0x00000858       0x2c ./src/sysinit.o
 .debug_frame   0x00000884      0x128 C:\Users\LA\Documents\CanExample\nxp_lpcxpresso_11c24_board_lib\Debug\libnxp_lpcxpresso_11c24_board_lib.a(board_sysinit.o)
 .debug_frame   0x000009ac      0x23c C:\Users\LA\Documents\CanExample\lpc_chip_11cxx_lib\Debug\liblpc_chip_11cxx_lib.a(adc_11xx.o)
 .debug_frame   0x00000be8       0x2c C:\Users\LA\Documents\CanExample\lpc_chip_11cxx_lib\Debug\liblpc_chip_11cxx_lib.a(chip_11xx.o)
 .debug_frame   0x00000c14      0x1c0 C:\Users\LA\Documents\CanExample\lpc_chip_11cxx_lib\Debug\liblpc_chip_11cxx_lib.a(clock_11xx.o)
 .debug_frame   0x00000dd4      0x270 C:\Users\LA\Documents\CanExample\lpc_chip_11cxx_lib\Debug\liblpc_chip_11cxx_lib.a(gpio_11xx_2.o)
 .debug_frame   0x00001044       0x90 C:\Users\LA\Documents\CanExample\lpc_chip_11cxx_lib\Debug\liblpc_chip_11cxx_lib.a(sysctl_11xx.o)
 .debug_frame   0x000010d4       0xf0 C:\Users\LA\Documents\CanExample\lpc_chip_11cxx_lib\Debug\liblpc_chip_11cxx_lib.a(timer_11xx.o)

Cross Reference Table

Symbol                                            File
ADC_IRQHandler                                    ./src/cr_startup_lpc11xx.o
BOD_IRQHandler                                    ./src/cr_startup_lpc11xx.o
Board_SystemInit                                  C:\Users\LA\Documents\CanExample\nxp_lpcxpresso_11c24_board_lib\Debug\libnxp_lpcxpresso_11c24_board_lib.a(board_sysinit.o)
                                                  ./src/sysinit.o
CAN_Error                                         ./src/CANopen/canopen_driver.o
CAN_IRQHandler                                    ./src/CANopen/canopen_driver.o
CAN_RX                                            ./src/CANopen/canopen_driver.o
CAN_TX                                            ./src/CANopen/canopen_driver.o
CAN_driver_memory                                 ./src/CANopen/canopen_driver.o
CANopenInit                                       ./src/CANopen/canopen_driver.o
                                                  ./src/canHandler.o
CANopen_1ms_tick                                  ./src/CANopen/canopen_driver.o
                                                  ./src/canHandler.o
CANopen_Heartbeat_Consumer_Failed                 ./src/canHandler.o
                                                  ./src/CANopen/canopen_driver.o
CANopen_Heartbeat_Producer_Counter                ./src/CANopen/canopen_driver.o
                                                  ./src/canHandler.o
CANopen_Heartbeat_Producer_Value                  ./src/CANopen/CanNodeDef.o
                                                  ./src/canHandler.o
                                                  ./src/CANopen/canopen_driver.o
CANopen_Heartbeat_Send                            ./src/CANopen/canopen_driver.o
CANopen_Init_SDO                                  ./src/canHandler.o
                                                  ./src/CANopen/canopen_driver.o
CANopen_NMT_Change_MyState                        ./src/CANopen/canopen_driver.o
                                                  ./src/canHandler.o
CANopen_NMT_Consumer_Bootup_Received              ./src/canHandler.o
                                                  ./src/CANopen/canopen_driver.o
CANopen_NMT_MyState                               ./src/CANopen/canopen_driver.o
CANopen_NMT_Reset_Comm_Received                   ./src/canHandler.o
                                                  ./src/CANopen/canopen_driver.o
CANopen_NMT_Reset_Node_Received                   ./src/canHandler.o
                                                  ./src/CANopen/canopen_driver.o
CANopen_NMT_Send_CMD                              ./src/CANopen/canopen_driver.o
CANopen_SDOC_Buff                                 ./src/CANopen/canopen_driver.o
CANopen_SDOC_Exp_Read                             ./src/CANopen/canopen_driver.o
CANopen_SDOC_Exp_ValidBytes                       ./src/CANopen/canopen_driver.o
CANopen_SDOC_Exp_Write                            ./src/CANopen/canopen_driver.o
CANopen_SDOC_InBuff                               ./src/CANopen/canopen_driver.o
CANopen_SDOC_Seg_BuffSize                         ./src/CANopen/canopen_driver.o
CANopen_SDOC_Seg_ID                               ./src/CANopen/canopen_driver.o
CANopen_SDOC_Seg_Read                             ./src/CANopen/canopen_driver.o
CANopen_SDOC_Seg_Write                            ./src/CANopen/canopen_driver.o
CANopen_SDOC_State                                ./src/CANopen/canopen_driver.o
CANopen_SDOS_Exp_Read                             ./src/canHandler.o
                                                  ./src/CANopen/canopen_driver.o
CANopen_SDOS_Exp_Write                            ./src/canHandler.o
                                                  ./src/CANopen/canopen_driver.o
CANopen_SDOS_Find_Buffer                          ./src/CANopen/canopen_driver.o
CANopen_SDOS_Seg_Read                             ./src/CANopen/canopen_driver.o
CANopen_SDOS_Seg_Write                            ./src/CANopen/canopen_driver.o
CANopen_Timeout                                   ./src/CANopen/canopen_driver.o
CANopen_Write                                     ./src/CANopen/canopen_driver.o
                                                  ./src/canHandler.o
CRP_WORD                                          ./src/crp.o
Chip_ADC_DeInit                                   C:\Users\LA\Documents\CanExample\lpc_chip_11cxx_lib\Debug\liblpc_chip_11cxx_lib.a(adc_11xx.o)
Chip_ADC_EnableChannel                            C:\Users\LA\Documents\CanExample\lpc_chip_11cxx_lib\Debug\liblpc_chip_11cxx_lib.a(adc_11xx.o)
                                                  ./src/main.o
Chip_ADC_Init                                     C:\Users\LA\Documents\CanExample\lpc_chip_11cxx_lib\Debug\liblpc_chip_11cxx_lib.a(adc_11xx.o)
                                                  ./src/main.o
Chip_ADC_Int_SetChannelCmd                        C:\Users\LA\Documents\CanExample\lpc_chip_11cxx_lib\Debug\liblpc_chip_11cxx_lib.a(adc_11xx.o)
Chip_ADC_ReadByte                                 C:\Users\LA\Documents\CanExample\lpc_chip_11cxx_lib\Debug\liblpc_chip_11cxx_lib.a(adc_11xx.o)
Chip_ADC_ReadStatus                               C:\Users\LA\Documents\CanExample\lpc_chip_11cxx_lib\Debug\liblpc_chip_11cxx_lib.a(adc_11xx.o)
                                                  ./src/main.o
Chip_ADC_ReadValue                                C:\Users\LA\Documents\CanExample\lpc_chip_11cxx_lib\Debug\liblpc_chip_11cxx_lib.a(adc_11xx.o)
                                                  ./src/main.o
Chip_ADC_SetBurstCmd                              C:\Users\LA\Documents\CanExample\lpc_chip_11cxx_lib\Debug\liblpc_chip_11cxx_lib.a(adc_11xx.o)
Chip_ADC_SetResolution                            C:\Users\LA\Documents\CanExample\lpc_chip_11cxx_lib\Debug\liblpc_chip_11cxx_lib.a(adc_11xx.o)
Chip_ADC_SetSampleRate                            C:\Users\LA\Documents\CanExample\lpc_chip_11cxx_lib\Debug\liblpc_chip_11cxx_lib.a(adc_11xx.o)
Chip_ADC_SetStartMode                             C:\Users\LA\Documents\CanExample\lpc_chip_11cxx_lib\Debug\liblpc_chip_11cxx_lib.a(adc_11xx.o)
                                                  ./src/main.o
Chip_Clock_GetMainClockRate                       C:\Users\LA\Documents\CanExample\lpc_chip_11cxx_lib\Debug\liblpc_chip_11cxx_lib.a(clock_11xx.o)
                                                  ./src/CANopen/canopen_driver.o
Chip_Clock_GetSystemClockRate                     C:\Users\LA\Documents\CanExample\lpc_chip_11cxx_lib\Debug\liblpc_chip_11cxx_lib.a(clock_11xx.o)
                                                  C:\Users\LA\Documents\CanExample\lpc_chip_11cxx_lib\Debug\liblpc_chip_11cxx_lib.a(chip_11xx.o)
                                                  C:\Users\LA\Documents\CanExample\lpc_chip_11cxx_lib\Debug\liblpc_chip_11cxx_lib.a(adc_11xx.o)
                                                  ./src/main.o
                                                  ./src/canHandler.o
Chip_Clock_GetSystemPLLInClockRate                C:\Users\LA\Documents\CanExample\lpc_chip_11cxx_lib\Debug\liblpc_chip_11cxx_lib.a(clock_11xx.o)
Chip_Clock_GetSystemPLLOutClockRate               C:\Users\LA\Documents\CanExample\lpc_chip_11cxx_lib\Debug\liblpc_chip_11cxx_lib.a(clock_11xx.o)
Chip_Clock_GetWDTOSCRate                          C:\Users\LA\Documents\CanExample\lpc_chip_11cxx_lib\Debug\liblpc_chip_11cxx_lib.a(clock_11xx.o)
Chip_Clock_SetCLKOUTSource                        C:\Users\LA\Documents\CanExample\lpc_chip_11cxx_lib\Debug\liblpc_chip_11cxx_lib.a(clock_11xx.o)
Chip_Clock_SetMainClockSource                     C:\Users\LA\Documents\CanExample\lpc_chip_11cxx_lib\Debug\liblpc_chip_11cxx_lib.a(clock_11xx.o)
                                                  C:\Users\LA\Documents\CanExample\nxp_lpcxpresso_11c24_board_lib\Debug\libnxp_lpcxpresso_11c24_board_lib.a(board_sysinit.o)
Chip_Clock_SetPLLBypass                           C:\Users\LA\Documents\CanExample\lpc_chip_11cxx_lib\Debug\liblpc_chip_11cxx_lib.a(clock_11xx.o)
Chip_Clock_SetSystemPLLSource                     C:\Users\LA\Documents\CanExample\lpc_chip_11cxx_lib\Debug\liblpc_chip_11cxx_lib.a(clock_11xx.o)
                                                  C:\Users\LA\Documents\CanExample\nxp_lpcxpresso_11c24_board_lib\Debug\libnxp_lpcxpresso_11c24_board_lib.a(board_sysinit.o)
Chip_Clock_SetWDTClockSource                      C:\Users\LA\Documents\CanExample\lpc_chip_11cxx_lib\Debug\liblpc_chip_11cxx_lib.a(clock_11xx.o)
Chip_GPIO_DeInit                                  C:\Users\LA\Documents\CanExample\lpc_chip_11cxx_lib\Debug\liblpc_chip_11cxx_lib.a(gpio_11xx_2.o)
Chip_GPIO_Init                                    C:\Users\LA\Documents\CanExample\lpc_chip_11cxx_lib\Debug\liblpc_chip_11cxx_lib.a(gpio_11xx_2.o)
                                                  ./src/main.o
Chip_GPIO_SetDir                                  C:\Users\LA\Documents\CanExample\lpc_chip_11cxx_lib\Debug\liblpc_chip_11cxx_lib.a(gpio_11xx_2.o)
Chip_GPIO_SetPinDIR                               C:\Users\LA\Documents\CanExample\lpc_chip_11cxx_lib\Debug\liblpc_chip_11cxx_lib.a(gpio_11xx_2.o)
Chip_GPIO_SetPortDIR                              C:\Users\LA\Documents\CanExample\lpc_chip_11cxx_lib\Debug\liblpc_chip_11cxx_lib.a(gpio_11xx_2.o)
Chip_GPIO_SetupPinInt                             C:\Users\LA\Documents\CanExample\lpc_chip_11cxx_lib\Debug\liblpc_chip_11cxx_lib.a(gpio_11xx_2.o)
Chip_GPIO_WriteDirBit                             C:\Users\LA\Documents\CanExample\lpc_chip_11cxx_lib\Debug\liblpc_chip_11cxx_lib.a(gpio_11xx_2.o)
Chip_SYSCTL_PowerDown                             C:\Users\LA\Documents\CanExample\lpc_chip_11cxx_lib\Debug\liblpc_chip_11cxx_lib.a(sysctl_11xx.o)
                                                  C:\Users\LA\Documents\CanExample\lpc_chip_11cxx_lib\Debug\liblpc_chip_11cxx_lib.a(adc_11xx.o)
                                                  C:\Users\LA\Documents\CanExample\nxp_lpcxpresso_11c24_board_lib\Debug\libnxp_lpcxpresso_11c24_board_lib.a(board_sysinit.o)
Chip_SYSCTL_PowerUp                               C:\Users\LA\Documents\CanExample\lpc_chip_11cxx_lib\Debug\liblpc_chip_11cxx_lib.a(sysctl_11xx.o)
                                                  C:\Users\LA\Documents\CanExample\lpc_chip_11cxx_lib\Debug\liblpc_chip_11cxx_lib.a(adc_11xx.o)
                                                  C:\Users\LA\Documents\CanExample\nxp_lpcxpresso_11c24_board_lib\Debug\libnxp_lpcxpresso_11c24_board_lib.a(board_sysinit.o)
Chip_SYSCTL_SetDeepSleepPD                        C:\Users\LA\Documents\CanExample\lpc_chip_11cxx_lib\Debug\liblpc_chip_11cxx_lib.a(sysctl_11xx.o)
Chip_SYSCTL_SetWakeup                             C:\Users\LA\Documents\CanExample\lpc_chip_11cxx_lib\Debug\liblpc_chip_11cxx_lib.a(sysctl_11xx.o)
Chip_TIMER_DeInit                                 C:\Users\LA\Documents\CanExample\lpc_chip_11cxx_lib\Debug\liblpc_chip_11cxx_lib.a(timer_11xx.o)
Chip_TIMER_ExtMatchControlSet                     C:\Users\LA\Documents\CanExample\lpc_chip_11cxx_lib\Debug\liblpc_chip_11cxx_lib.a(timer_11xx.o)
Chip_TIMER_Init                                   C:\Users\LA\Documents\CanExample\lpc_chip_11cxx_lib\Debug\liblpc_chip_11cxx_lib.a(timer_11xx.o)
                                                  ./src/main.o
                                                  ./src/canHandler.o
Chip_TIMER_Reset                                  C:\Users\LA\Documents\CanExample\lpc_chip_11cxx_lib\Debug\liblpc_chip_11cxx_lib.a(timer_11xx.o)
                                                  ./src/main.o
                                                  ./src/canHandler.o
HardFault_Handler                                 ./src/cr_startup_lpc11xx.o
I2C_IRQHandler                                    ./src/cr_startup_lpc11xx.o
IntDefaultHandler                                 ./src/cr_startup_lpc11xx.o
NMI_Handler                                       ./src/cr_startup_lpc11xx.o
PIOINT0_IRQHandler                                ./src/cr_startup_lpc11xx.o
PIOINT1_IRQHandler                                ./src/cr_startup_lpc11xx.o
PIOINT2_IRQHandler                                ./src/cr_startup_lpc11xx.o
PIOINT3_IRQHandler                                ./src/cr_startup_lpc11xx.o
PendSV_Handler                                    ./src/cr_startup_lpc11xx.o
ResetISR                                          ./src/cr_startup_lpc11xx.o
SDOS_Version                                      ./src/CANopen/CanNodeDef.o
SSP0_IRQHandler                                   ./src/cr_startup_lpc11xx.o
SSP1_IRQHandler                                   ./src/cr_startup_lpc11xx.o
SVC_Handler                                       ./src/cr_startup_lpc11xx.o
SysTick_Handler                                   ./src/cr_startup_lpc11xx.o
SystemCoreClock                                   C:\Users\LA\Documents\CanExample\lpc_chip_11cxx_lib\Debug\liblpc_chip_11cxx_lib.a(chip_11xx.o)
SystemCoreClockUpdate                             C:\Users\LA\Documents\CanExample\lpc_chip_11cxx_lib\Debug\liblpc_chip_11cxx_lib.a(chip_11xx.o)
                                                  ./src/main.o
SystemInit                                        ./src/sysinit.o
                                                  ./src/cr_startup_lpc11xx.o
TIMER16_0_IRQHandler                              ./src/cr_startup_lpc11xx.o
TIMER16_1_IRQHandler                              ./src/main.o
                                                  ./src/cr_startup_lpc11xx.o
TIMER32_0_IRQHandler                              ./src/cr_startup_lpc11xx.o
TIMER32_1_IRQHandler                              ./src/canHandler.o
UART_IRQHandler                                   ./src/cr_startup_lpc11xx.o
Version_Data                                      ./src/CANopen/CanNodeDef.o
WAKEUP_IRQHandler                                 ./src/cr_startup_lpc11xx.o
WDT_IRQHandler                                    ./src/cr_startup_lpc11xx.o
WatchList                                         ./src/CANopen/CanNodeDef.o
                                                  ./src/canHandler.o
                                                  ./src/CANopen/canopen_driver.o
WatchListLength                                   ./src/CANopen/CanNodeDef.o
                                                  ./src/canHandler.o
                                                  ./src/CANopen/canopen_driver.o
__aeabi_cdcmpeq                                   c:/nxp/mcuxpressoide_11.1.0_3209/ide/plugins/com.nxp.mcuxpresso.tools.win32_11.1.0.201909161352/tools/bin/../lib/gcc/arm-none-eabi/8.3.1/thumb/v6-m/nofp\libcr_eabihelpers.a(double.o)
__aeabi_cdcmple                                   c:/nxp/mcuxpressoide_11.1.0_3209/ide/plugins/com.nxp.mcuxpresso.tools.win32_11.1.0.201909161352/tools/bin/../lib/gcc/arm-none-eabi/8.3.1/thumb/v6-m/nofp\libcr_eabihelpers.a(double.o)
__aeabi_cdrcmple                                  c:/nxp/mcuxpressoide_11.1.0_3209/ide/plugins/com.nxp.mcuxpresso.tools.win32_11.1.0.201909161352/tools/bin/../lib/gcc/arm-none-eabi/8.3.1/thumb/v6-m/nofp\libcr_eabihelpers.a(double.o)
__aeabi_cfcmpeq                                   c:/nxp/mcuxpressoide_11.1.0_3209/ide/plugins/com.nxp.mcuxpresso.tools.win32_11.1.0.201909161352/tools/bin/../lib/gcc/arm-none-eabi/8.3.1/thumb/v6-m/nofp\libcr_eabihelpers.a(float.o)
__aeabi_cfcmple                                   c:/nxp/mcuxpressoide_11.1.0_3209/ide/plugins/com.nxp.mcuxpresso.tools.win32_11.1.0.201909161352/tools/bin/../lib/gcc/arm-none-eabi/8.3.1/thumb/v6-m/nofp\libcr_eabihelpers.a(float.o)
__aeabi_cfrcmple                                  c:/nxp/mcuxpressoide_11.1.0_3209/ide/plugins/com.nxp.mcuxpresso.tools.win32_11.1.0.201909161352/tools/bin/../lib/gcc/arm-none-eabi/8.3.1/thumb/v6-m/nofp\libcr_eabihelpers.a(float.o)
__aeabi_d2f                                       c:/nxp/mcuxpressoide_11.1.0_3209/ide/plugins/com.nxp.mcuxpresso.tools.win32_11.1.0.201909161352/tools/bin/../lib/gcc/arm-none-eabi/8.3.1/thumb/v6-m/nofp\libcr_eabihelpers.a(double.o)
                                                  ./src/main.o
__aeabi_d2iz                                      c:/nxp/mcuxpressoide_11.1.0_3209/ide/plugins/com.nxp.mcuxpresso.tools.win32_11.1.0.201909161352/tools/bin/../lib/gcc/arm-none-eabi/8.3.1/thumb/v6-m/nofp\libcr_eabihelpers.a(double.o)
                                                  ./src/main.o
__aeabi_d2lz                                      c:/nxp/mcuxpressoide_11.1.0_3209/ide/plugins/com.nxp.mcuxpresso.tools.win32_11.1.0.201909161352/tools/bin/../lib/gcc/arm-none-eabi/8.3.1/thumb/v6-m/nofp\libcr_eabihelpers.a(double.o)
__aeabi_d2uiz                                     c:/nxp/mcuxpressoide_11.1.0_3209/ide/plugins/com.nxp.mcuxpresso.tools.win32_11.1.0.201909161352/tools/bin/../lib/gcc/arm-none-eabi/8.3.1/thumb/v6-m/nofp\libcr_eabihelpers.a(double.o)
__aeabi_d2ulz                                     c:/nxp/mcuxpressoide_11.1.0_3209/ide/plugins/com.nxp.mcuxpresso.tools.win32_11.1.0.201909161352/tools/bin/../lib/gcc/arm-none-eabi/8.3.1/thumb/v6-m/nofp\libcr_eabihelpers.a(double.o)
__aeabi_dadd                                      c:/nxp/mcuxpressoide_11.1.0_3209/ide/plugins/com.nxp.mcuxpresso.tools.win32_11.1.0.201909161352/tools/bin/../lib/gcc/arm-none-eabi/8.3.1/thumb/v6-m/nofp\libcr_eabihelpers.a(double.o)
                                                  c:/nxp/mcuxpressoide_11.1.0_3209/ide/plugins/com.nxp.mcuxpresso.tools.win32_11.1.0.201909161352/tools/bin/../lib/gcc/arm-none-eabi/8.3.1/../../../../arm-none-eabi/lib/thumb/v6-m/nofp\libcr_c.a(log.o)
                                                  ./src/main.o
__aeabi_dcmpeq                                    c:/nxp/mcuxpressoide_11.1.0_3209/ide/plugins/com.nxp.mcuxpresso.tools.win32_11.1.0.201909161352/tools/bin/../lib/gcc/arm-none-eabi/8.3.1/thumb/v6-m/nofp\libcr_eabihelpers.a(double.o)
                                                  c:/nxp/mcuxpressoide_11.1.0_3209/ide/plugins/com.nxp.mcuxpresso.tools.win32_11.1.0.201909161352/tools/bin/../lib/gcc/arm-none-eabi/8.3.1/../../../../arm-none-eabi/lib/thumb/v6-m/nofp\libcr_c.a(frexp.o)
                                                  c:/nxp/mcuxpressoide_11.1.0_3209/ide/plugins/com.nxp.mcuxpresso.tools.win32_11.1.0.201909161352/tools/bin/../lib/gcc/arm-none-eabi/8.3.1/../../../../arm-none-eabi/lib/thumb/v6-m/nofp\libcr_c.a(log.o)
__aeabi_dcmpge                                    c:/nxp/mcuxpressoide_11.1.0_3209/ide/plugins/com.nxp.mcuxpresso.tools.win32_11.1.0.201909161352/tools/bin/../lib/gcc/arm-none-eabi/8.3.1/thumb/v6-m/nofp\libcr_eabihelpers.a(double.o)
__aeabi_dcmpgt                                    c:/nxp/mcuxpressoide_11.1.0_3209/ide/plugins/com.nxp.mcuxpresso.tools.win32_11.1.0.201909161352/tools/bin/../lib/gcc/arm-none-eabi/8.3.1/thumb/v6-m/nofp\libcr_eabihelpers.a(double.o)
                                                  c:/nxp/mcuxpressoide_11.1.0_3209/ide/plugins/com.nxp.mcuxpresso.tools.win32_11.1.0.201909161352/tools/bin/../lib/gcc/arm-none-eabi/8.3.1/../../../../arm-none-eabi/lib/thumb/v6-m/nofp\libcr_c.a(log.o)
__aeabi_dcmple                                    c:/nxp/mcuxpressoide_11.1.0_3209/ide/plugins/com.nxp.mcuxpresso.tools.win32_11.1.0.201909161352/tools/bin/../lib/gcc/arm-none-eabi/8.3.1/thumb/v6-m/nofp\libcr_eabihelpers.a(double.o)
                                                  c:/nxp/mcuxpressoide_11.1.0_3209/ide/plugins/com.nxp.mcuxpresso.tools.win32_11.1.0.201909161352/tools/bin/../lib/gcc/arm-none-eabi/8.3.1/../../../../arm-none-eabi/lib/thumb/v6-m/nofp\libcr_c.a(log.o)
__aeabi_dcmplt                                    c:/nxp/mcuxpressoide_11.1.0_3209/ide/plugins/com.nxp.mcuxpresso.tools.win32_11.1.0.201909161352/tools/bin/../lib/gcc/arm-none-eabi/8.3.1/thumb/v6-m/nofp\libcr_eabihelpers.a(double.o)
__aeabi_dcmpun                                    c:/nxp/mcuxpressoide_11.1.0_3209/ide/plugins/com.nxp.mcuxpresso.tools.win32_11.1.0.201909161352/tools/bin/../lib/gcc/arm-none-eabi/8.3.1/thumb/v6-m/nofp\libcr_eabihelpers.a(double.o)
__aeabi_ddiv                                      c:/nxp/mcuxpressoide_11.1.0_3209/ide/plugins/com.nxp.mcuxpresso.tools.win32_11.1.0.201909161352/tools/bin/../lib/gcc/arm-none-eabi/8.3.1/thumb/v6-m/nofp\libcr_eabihelpers.a(double.o)
                                                  c:/nxp/mcuxpressoide_11.1.0_3209/ide/plugins/com.nxp.mcuxpresso.tools.win32_11.1.0.201909161352/tools/bin/../lib/gcc/arm-none-eabi/8.3.1/../../../../arm-none-eabi/lib/thumb/v6-m/nofp\libcr_c.a(log.o)
                                                  ./src/main.o
__aeabi_dmul                                      c:/nxp/mcuxpressoide_11.1.0_3209/ide/plugins/com.nxp.mcuxpresso.tools.win32_11.1.0.201909161352/tools/bin/../lib/gcc/arm-none-eabi/8.3.1/thumb/v6-m/nofp\libcr_eabihelpers.a(double.o)
                                                  c:/nxp/mcuxpressoide_11.1.0_3209/ide/plugins/com.nxp.mcuxpresso.tools.win32_11.1.0.201909161352/tools/bin/../lib/gcc/arm-none-eabi/8.3.1/../../../../arm-none-eabi/lib/thumb/v6-m/nofp\libcr_c.a(log.o)
                                                  ./src/main.o
__aeabi_dneg                                      c:/nxp/mcuxpressoide_11.1.0_3209/ide/plugins/com.nxp.mcuxpresso.tools.win32_11.1.0.201909161352/tools/bin/../lib/gcc/arm-none-eabi/8.3.1/thumb/v6-m/nofp\libcr_eabihelpers.a(double.o)
__aeabi_drsub                                     c:/nxp/mcuxpressoide_11.1.0_3209/ide/plugins/com.nxp.mcuxpresso.tools.win32_11.1.0.201909161352/tools/bin/../lib/gcc/arm-none-eabi/8.3.1/thumb/v6-m/nofp\libcr_eabihelpers.a(double.o)
__aeabi_dsub                                      c:/nxp/mcuxpressoide_11.1.0_3209/ide/plugins/com.nxp.mcuxpresso.tools.win32_11.1.0.201909161352/tools/bin/../lib/gcc/arm-none-eabi/8.3.1/thumb/v6-m/nofp\libcr_eabihelpers.a(double.o)
                                                  c:/nxp/mcuxpressoide_11.1.0_3209/ide/plugins/com.nxp.mcuxpresso.tools.win32_11.1.0.201909161352/tools/bin/../lib/gcc/arm-none-eabi/8.3.1/../../../../arm-none-eabi/lib/thumb/v6-m/nofp\libcr_c.a(log.o)
                                                  ./src/main.o
__aeabi_f2d                                       c:/nxp/mcuxpressoide_11.1.0_3209/ide/plugins/com.nxp.mcuxpresso.tools.win32_11.1.0.201909161352/tools/bin/../lib/gcc/arm-none-eabi/8.3.1/thumb/v6-m/nofp\libcr_eabihelpers.a(float.o)
                                                  ./src/main.o
__aeabi_f2iz                                      c:/nxp/mcuxpressoide_11.1.0_3209/ide/plugins/com.nxp.mcuxpresso.tools.win32_11.1.0.201909161352/tools/bin/../lib/gcc/arm-none-eabi/8.3.1/thumb/v6-m/nofp\libcr_eabihelpers.a(float.o)
__aeabi_f2lz                                      c:/nxp/mcuxpressoide_11.1.0_3209/ide/plugins/com.nxp.mcuxpresso.tools.win32_11.1.0.201909161352/tools/bin/../lib/gcc/arm-none-eabi/8.3.1/thumb/v6-m/nofp\libcr_eabihelpers.a(float.o)
__aeabi_f2uiz                                     c:/nxp/mcuxpressoide_11.1.0_3209/ide/plugins/com.nxp.mcuxpresso.tools.win32_11.1.0.201909161352/tools/bin/../lib/gcc/arm-none-eabi/8.3.1/thumb/v6-m/nofp\libcr_eabihelpers.a(float.o)
__aeabi_f2ulz                                     c:/nxp/mcuxpressoide_11.1.0_3209/ide/plugins/com.nxp.mcuxpresso.tools.win32_11.1.0.201909161352/tools/bin/../lib/gcc/arm-none-eabi/8.3.1/thumb/v6-m/nofp\libcr_eabihelpers.a(float.o)
__aeabi_fadd                                      c:/nxp/mcuxpressoide_11.1.0_3209/ide/plugins/com.nxp.mcuxpresso.tools.win32_11.1.0.201909161352/tools/bin/../lib/gcc/arm-none-eabi/8.3.1/thumb/v6-m/nofp\libcr_eabihelpers.a(float.o)
__aeabi_fcmpeq                                    c:/nxp/mcuxpressoide_11.1.0_3209/ide/plugins/com.nxp.mcuxpresso.tools.win32_11.1.0.201909161352/tools/bin/../lib/gcc/arm-none-eabi/8.3.1/thumb/v6-m/nofp\libcr_eabihelpers.a(float.o)
__aeabi_fcmpge                                    c:/nxp/mcuxpressoide_11.1.0_3209/ide/plugins/com.nxp.mcuxpresso.tools.win32_11.1.0.201909161352/tools/bin/../lib/gcc/arm-none-eabi/8.3.1/thumb/v6-m/nofp\libcr_eabihelpers.a(float.o)
__aeabi_fcmpgt                                    c:/nxp/mcuxpressoide_11.1.0_3209/ide/plugins/com.nxp.mcuxpresso.tools.win32_11.1.0.201909161352/tools/bin/../lib/gcc/arm-none-eabi/8.3.1/thumb/v6-m/nofp\libcr_eabihelpers.a(float.o)
__aeabi_fcmple                                    c:/nxp/mcuxpressoide_11.1.0_3209/ide/plugins/com.nxp.mcuxpresso.tools.win32_11.1.0.201909161352/tools/bin/../lib/gcc/arm-none-eabi/8.3.1/thumb/v6-m/nofp\libcr_eabihelpers.a(float.o)
__aeabi_fcmplt                                    c:/nxp/mcuxpressoide_11.1.0_3209/ide/plugins/com.nxp.mcuxpresso.tools.win32_11.1.0.201909161352/tools/bin/../lib/gcc/arm-none-eabi/8.3.1/thumb/v6-m/nofp\libcr_eabihelpers.a(float.o)
__aeabi_fcmpun                                    c:/nxp/mcuxpressoide_11.1.0_3209/ide/plugins/com.nxp.mcuxpresso.tools.win32_11.1.0.201909161352/tools/bin/../lib/gcc/arm-none-eabi/8.3.1/thumb/v6-m/nofp\libcr_eabihelpers.a(float.o)
__aeabi_fdiv                                      c:/nxp/mcuxpressoide_11.1.0_3209/ide/plugins/com.nxp.mcuxpresso.tools.win32_11.1.0.201909161352/tools/bin/../lib/gcc/arm-none-eabi/8.3.1/thumb/v6-m/nofp\libcr_eabihelpers.a(float.o)
                                                  ./src/main.o
__aeabi_fmul                                      c:/nxp/mcuxpressoide_11.1.0_3209/ide/plugins/com.nxp.mcuxpresso.tools.win32_11.1.0.201909161352/tools/bin/../lib/gcc/arm-none-eabi/8.3.1/thumb/v6-m/nofp\libcr_eabihelpers.a(float.o)
                                                  ./src/main.o
__aeabi_fneg                                      c:/nxp/mcuxpressoide_11.1.0_3209/ide/plugins/com.nxp.mcuxpresso.tools.win32_11.1.0.201909161352/tools/bin/../lib/gcc/arm-none-eabi/8.3.1/thumb/v6-m/nofp\libcr_eabihelpers.a(float.o)
__aeabi_frsub                                     c:/nxp/mcuxpressoide_11.1.0_3209/ide/plugins/com.nxp.mcuxpresso.tools.win32_11.1.0.201909161352/tools/bin/../lib/gcc/arm-none-eabi/8.3.1/thumb/v6-m/nofp\libcr_eabihelpers.a(float.o)
__aeabi_fsub                                      c:/nxp/mcuxpressoide_11.1.0_3209/ide/plugins/com.nxp.mcuxpresso.tools.win32_11.1.0.201909161352/tools/bin/../lib/gcc/arm-none-eabi/8.3.1/thumb/v6-m/nofp\libcr_eabihelpers.a(float.o)
__aeabi_i2d                                       c:/nxp/mcuxpressoide_11.1.0_3209/ide/plugins/com.nxp.mcuxpresso.tools.win32_11.1.0.201909161352/tools/bin/../lib/gcc/arm-none-eabi/8.3.1/thumb/v6-m/nofp\libcr_eabihelpers.a(double.o)
                                                  c:/nxp/mcuxpressoide_11.1.0_3209/ide/plugins/com.nxp.mcuxpresso.tools.win32_11.1.0.201909161352/tools/bin/../lib/gcc/arm-none-eabi/8.3.1/../../../../arm-none-eabi/lib/thumb/v6-m/nofp\libcr_c.a(log.o)
                                                  ./src/main.o
__aeabi_i2f                                       c:/nxp/mcuxpressoide_11.1.0_3209/ide/plugins/com.nxp.mcuxpresso.tools.win32_11.1.0.201909161352/tools/bin/../lib/gcc/arm-none-eabi/8.3.1/thumb/v6-m/nofp\libcr_eabihelpers.a(float.o)
__aeabi_idiv                                      c:/nxp/mcuxpressoide_11.1.0_3209/ide/plugins/com.nxp.mcuxpresso.tools.win32_11.1.0.201909161352/tools/bin/../lib/gcc/arm-none-eabi/8.3.1/thumb/v6-m/nofp\libcr_eabihelpers.a(division_32.o)
__aeabi_idiv0                                     c:/nxp/mcuxpressoide_11.1.0_3209/ide/plugins/com.nxp.mcuxpresso.tools.win32_11.1.0.201909161352/tools/bin/../lib/gcc/arm-none-eabi/8.3.1/thumb/v6-m/nofp\libcr_eabihelpers.a(division_idiv0.o)
                                                  c:/nxp/mcuxpressoide_11.1.0_3209/ide/plugins/com.nxp.mcuxpresso.tools.win32_11.1.0.201909161352/tools/bin/../lib/gcc/arm-none-eabi/8.3.1/thumb/v6-m/nofp\libcr_eabihelpers.a(division_32.o)
__aeabi_idivmod                                   c:/nxp/mcuxpressoide_11.1.0_3209/ide/plugins/com.nxp.mcuxpresso.tools.win32_11.1.0.201909161352/tools/bin/../lib/gcc/arm-none-eabi/8.3.1/thumb/v6-m/nofp\libcr_eabihelpers.a(division_32.o)
__aeabi_l2d                                       c:/nxp/mcuxpressoide_11.1.0_3209/ide/plugins/com.nxp.mcuxpresso.tools.win32_11.1.0.201909161352/tools/bin/../lib/gcc/arm-none-eabi/8.3.1/thumb/v6-m/nofp\libcr_eabihelpers.a(double.o)
__aeabi_l2f                                       c:/nxp/mcuxpressoide_11.1.0_3209/ide/plugins/com.nxp.mcuxpresso.tools.win32_11.1.0.201909161352/tools/bin/../lib/gcc/arm-none-eabi/8.3.1/thumb/v6-m/nofp\libcr_eabihelpers.a(float.o)
__aeabi_lasr                                      c:/nxp/mcuxpressoide_11.1.0_3209/ide/plugins/com.nxp.mcuxpresso.tools.win32_11.1.0.201909161352/tools/bin/../lib/gcc/arm-none-eabi/8.3.1/thumb/v6-m/nofp\libcr_eabihelpers.a(llong.o)
__aeabi_lcmp                                      c:/nxp/mcuxpressoide_11.1.0_3209/ide/plugins/com.nxp.mcuxpresso.tools.win32_11.1.0.201909161352/tools/bin/../lib/gcc/arm-none-eabi/8.3.1/thumb/v6-m/nofp\libcr_eabihelpers.a(llong.o)
__aeabi_llsl                                      c:/nxp/mcuxpressoide_11.1.0_3209/ide/plugins/com.nxp.mcuxpresso.tools.win32_11.1.0.201909161352/tools/bin/../lib/gcc/arm-none-eabi/8.3.1/thumb/v6-m/nofp\libcr_eabihelpers.a(llong.o)
__aeabi_llsr                                      c:/nxp/mcuxpressoide_11.1.0_3209/ide/plugins/com.nxp.mcuxpresso.tools.win32_11.1.0.201909161352/tools/bin/../lib/gcc/arm-none-eabi/8.3.1/thumb/v6-m/nofp\libcr_eabihelpers.a(llong.o)
__aeabi_lmul                                      c:/nxp/mcuxpressoide_11.1.0_3209/ide/plugins/com.nxp.mcuxpresso.tools.win32_11.1.0.201909161352/tools/bin/../lib/gcc/arm-none-eabi/8.3.1/thumb/v6-m/nofp\libcr_eabihelpers.a(llong.o)
                                                  c:/nxp/mcuxpressoide_11.1.0_3209/ide/plugins/com.nxp.mcuxpresso.tools.win32_11.1.0.201909161352/tools/bin/../lib/gcc/arm-none-eabi/8.3.1/thumb/v6-m/nofp\libcr_eabihelpers.a(float.o)
                                                  c:/nxp/mcuxpressoide_11.1.0_3209/ide/plugins/com.nxp.mcuxpresso.tools.win32_11.1.0.201909161352/tools/bin/../lib/gcc/arm-none-eabi/8.3.1/thumb/v6-m/nofp\libcr_eabihelpers.a(double.o)
__aeabi_ui2d                                      c:/nxp/mcuxpressoide_11.1.0_3209/ide/plugins/com.nxp.mcuxpresso.tools.win32_11.1.0.201909161352/tools/bin/../lib/gcc/arm-none-eabi/8.3.1/thumb/v6-m/nofp\libcr_eabihelpers.a(double.o)
__aeabi_ui2f                                      c:/nxp/mcuxpressoide_11.1.0_3209/ide/plugins/com.nxp.mcuxpresso.tools.win32_11.1.0.201909161352/tools/bin/../lib/gcc/arm-none-eabi/8.3.1/thumb/v6-m/nofp\libcr_eabihelpers.a(float.o)
__aeabi_uidiv                                     c:/nxp/mcuxpressoide_11.1.0_3209/ide/plugins/com.nxp.mcuxpresso.tools.win32_11.1.0.201909161352/tools/bin/../lib/gcc/arm-none-eabi/8.3.1/thumb/v6-m/nofp\libcr_eabihelpers.a(division_32.o)
                                                  C:\Users\LA\Documents\CanExample\lpc_chip_11cxx_lib\Debug\liblpc_chip_11cxx_lib.a(clock_11xx.o)
                                                  C:\Users\LA\Documents\CanExample\lpc_chip_11cxx_lib\Debug\liblpc_chip_11cxx_lib.a(adc_11xx.o)
                                                  ./src/canHandler.o
                                                  ./src/CANopen/canopen_driver.o
__aeabi_uidivmod                                  c:/nxp/mcuxpressoide_11.1.0_3209/ide/plugins/com.nxp.mcuxpresso.tools.win32_11.1.0.201909161352/tools/bin/../lib/gcc/arm-none-eabi/8.3.1/thumb/v6-m/nofp\libcr_eabihelpers.a(division_32.o)
                                                  ./src/CANopen/canopen_driver.o
__aeabi_ul2d                                      c:/nxp/mcuxpressoide_11.1.0_3209/ide/plugins/com.nxp.mcuxpresso.tools.win32_11.1.0.201909161352/tools/bin/../lib/gcc/arm-none-eabi/8.3.1/thumb/v6-m/nofp\libcr_eabihelpers.a(double.o)
__aeabi_ul2f                                      c:/nxp/mcuxpressoide_11.1.0_3209/ide/plugins/com.nxp.mcuxpresso.tools.win32_11.1.0.201909161352/tools/bin/../lib/gcc/arm-none-eabi/8.3.1/thumb/v6-m/nofp\libcr_eabihelpers.a(float.o)
__aeabi_ulcmp                                     c:/nxp/mcuxpressoide_11.1.0_3209/ide/plugins/com.nxp.mcuxpresso.tools.win32_11.1.0.201909161352/tools/bin/../lib/gcc/arm-none-eabi/8.3.1/thumb/v6-m/nofp\libcr_eabihelpers.a(llong.o)
__bhs_ui2d                                        c:/nxp/mcuxpressoide_11.1.0_3209/ide/plugins/com.nxp.mcuxpresso.tools.win32_11.1.0.201909161352/tools/bin/../lib/gcc/arm-none-eabi/8.3.1/thumb/v6-m/nofp\libcr_eabihelpers.a(double.o)
__bhs_ui2f                                        c:/nxp/mcuxpressoide_11.1.0_3209/ide/plugins/com.nxp.mcuxpresso.tools.win32_11.1.0.201909161352/tools/bin/../lib/gcc/arm-none-eabi/8.3.1/thumb/v6-m/nofp\libcr_eabihelpers.a(float.o)
__bhs_ul2d                                        c:/nxp/mcuxpressoide_11.1.0_3209/ide/plugins/com.nxp.mcuxpresso.tools.win32_11.1.0.201909161352/tools/bin/../lib/gcc/arm-none-eabi/8.3.1/thumb/v6-m/nofp\libcr_eabihelpers.a(double.o)
__bhs_ul2f                                        c:/nxp/mcuxpressoide_11.1.0_3209/ide/plugins/com.nxp.mcuxpresso.tools.win32_11.1.0.201909161352/tools/bin/../lib/gcc/arm-none-eabi/8.3.1/thumb/v6-m/nofp\libcr_eabihelpers.a(float.o)
__bss_section_table_end                           ./src/cr_startup_lpc11xx.o
__data_section_table                              ./src/cr_startup_lpc11xx.o
__data_section_table_end                          ./src/cr_startup_lpc11xx.o
__main                                            c:/nxp/mcuxpressoide_11.1.0_3209/ide/plugins/com.nxp.mcuxpresso.tools.win32_11.1.0.201909161352/tools/bin/../lib/gcc/arm-none-eabi/8.3.1/../../../../arm-none-eabi/lib/thumb/v6-m/nofp\libcr_c.a(__weak__main.o)
                                                  ./src/cr_startup_lpc11xx.o
__valid_user_code_checksum                        ./src/cr_startup_lpc11xx.o
__weak_main                                       c:/nxp/mcuxpressoide_11.1.0_3209/ide/plugins/com.nxp.mcuxpresso.tools.win32_11.1.0.201909161352/tools/bin/../lib/gcc/arm-none-eabi/8.3.1/../../../../arm-none-eabi/lib/thumb/v6-m/nofp\libcr_c.a(__weak__main.o)
_vStackTop                                        ./src/cr_startup_lpc11xx.o
adcGetValue                                       ./src/main.o
adcInit                                           ./src/main.o
baudrateCalculate                                 ./src/CANopen/canopen_driver.o
boardTemperature                                  ./src/CANopen/CanNodeDef.o
                                                  ./src/main.o
bss_init                                          ./src/cr_startup_lpc11xx.o
callbacks                                         ./src/CANopen/canopen_driver.o
canOpenCfg                                        ./src/CANopen/CanNodeDef.o
                                                  ./src/CANopen/canopen_driver.o
canOpenTimeoutVal                                 ./src/CANopen/CanNodeDef.o
                                                  ./src/CANopen/canopen_driver.o
canOpen_RX_Callback                               ./src/CANopen/canopen_driver.o
constObjectDir                                    ./src/CANopen/CanNodeDef.o
data_init                                         ./src/cr_startup_lpc11xx.o
errno                                             c:/nxp/mcuxpressoide_11.1.0_3209/ide/plugins/com.nxp.mcuxpresso.tools.win32_11.1.0.201909161352/tools/bin/../lib/gcc/arm-none-eabi/8.3.1/../../../../arm-none-eabi/lib/thumb/v6-m/nofp\libcr_c.a(errno.o)
                                                  c:/nxp/mcuxpressoide_11.1.0_3209/ide/plugins/com.nxp.mcuxpresso.tools.win32_11.1.0.201909161352/tools/bin/../lib/gcc/arm-none-eabi/8.3.1/../../../../arm-none-eabi/lib/thumb/v6-m/nofp\libcr_c.a(log.o)
error_register                                    ./src/CANopen/CanNodeDef.o
                                                  ./src/canHandler.o
frexp                                             c:/nxp/mcuxpressoide_11.1.0_3209/ide/plugins/com.nxp.mcuxpresso.tools.win32_11.1.0.201909161352/tools/bin/../lib/gcc/arm-none-eabi/8.3.1/../../../../arm-none-eabi/lib/thumb/v6-m/nofp\libcr_c.a(frexp.o)
                                                  c:/nxp/mcuxpressoide_11.1.0_3209/ide/plugins/com.nxp.mcuxpresso.tools.win32_11.1.0.201909161352/tools/bin/../lib/gcc/arm-none-eabi/8.3.1/../../../../arm-none-eabi/lib/thumb/v6-m/nofp\libcr_c.a(log.o)
g_pfnVectors                                      ./src/cr_startup_lpc11xx.o
initCAN                                           ./src/canHandler.o
                                                  ./src/main.o
initObjectDirectory                               ./src/CANopen/CanNodeDef.o
                                                  ./src/canHandler.o
log                                               c:/nxp/mcuxpressoide_11.1.0_3209/ide/plugins/com.nxp.mcuxpresso.tools.win32_11.1.0.201909161352/tools/bin/../lib/gcc/arm-none-eabi/8.3.1/../../../../arm-none-eabi/lib/thumb/v6-m/nofp\libcr_c.a(log.o)
                                                  ./src/main.o
main                                              ./src/main.o
                                                  c:/nxp/mcuxpressoide_11.1.0_3209/ide/plugins/com.nxp.mcuxpresso.tools.win32_11.1.0.201909161352/tools/bin/../lib/gcc/arm-none-eabi/8.3.1/../../../../arm-none-eabi/lib/thumb/v6-m/nofp\libcr_c.a(__weak__main.o)
numberConstObjectDirEntries                       ./src/CANopen/CanNodeDef.o
                                                  ./src/CANopen/canopen_driver.o
numberObjectDirEntries                            ./src/CANopen/CanNodeDef.o
                                                  ./src/CANopen/canopen_driver.o
objectDir                                         ./src/CANopen/CanNodeDef.o
                                                  ./src/CANopen/canopen_driver.o
readAdcVal                                        C:\Users\LA\Documents\CanExample\lpc_chip_11cxx_lib\Debug\liblpc_chip_11cxx_lib.a(adc_11xx.o)
sendFrame                                         ./src/canHandler.o
send_PDO_log                                      ./src/canHandler.o
setCANOpen_RX_Callback                            ./src/CANopen/canopen_driver.o