core_cm0.h:500:22:NVIC_EnableIRQ	16	static
core_cm0.h:512:22:NVIC_DisableIRQ	16	static
clock_11xx.h:295:20:Chip_Clock_EnablePeriphClock	16	static
canopen_driver.c:70:6:CANopenInit	56	static
canopen_driver.c:117:6:baudrateCalculate	48	static
canopen_driver.c:153:6:CANopen_1ms_tick	24	static
canopen_driver.c:275:6:CAN_IRQHandler	8	static
canopen_driver.c:291:6:CAN_RX	48	static
canopen_driver.c:467:6:CAN_TX	16	static
canopen_driver.c:482:6:CAN_Error	16	static
canopen_driver.c:496:6:CANopen_NMT_Send_CMD	16	static
canopen_driver.c:529:6:CANopen_NMT_Change_MyState	16	static
canopen_driver.c:585:6:CANopen_Heartbeat_Send	8	static
canopen_driver.c:627:10:CANopen_SDOS_Seg_Read	32	static
canopen_driver.c:700:10:CANopen_SDOS_Seg_Write	32	static
canopen_driver.c:762:6:CANopen_SDOS_Find_Buffer	32	static
canopen_driver.c:793:9:CANopen_SDOC_Exp_Read	48	static
canopen_driver.c:838:9:CANopen_SDOC_Exp_Write	48	static
canopen_driver.c:889:9:CANopen_SDOC_Seg_Read	48	static
canopen_driver.c:933:9:CANopen_SDOC_Seg_Write	48	static
canopen_driver.c:965:6:CANopen_Write	16	static
canopen_driver.c:973:6:setCANOpen_RX_Callback	48	static
