core_cm0.h:500:22:NVIC_EnableIRQ	16	static
core_cm0.h:552:22:NVIC_ClearPendingIRQ	16	static
timer_11xx.h:112:20:Chip_TIMER_MatchPending	16	static
timer_11xx.h:137:20:Chip_TIMER_ClearMatch	16	static
timer_11xx.h:160:20:Chip_TIMER_Enable	16	static
timer_11xx.h:205:20:Chip_TIMER_PrescaleSet	16	static
timer_11xx.h:218:20:Chip_TIMER_SetMatch	24	static
timer_11xx.h:249:20:Chip_TIMER_MatchEnableInt	16	static
timer_11xx.h:271:20:Chip_TIMER_ResetOnMatchEnable	16	static
canHandler.c:22:6:TIMER32_1_IRQHandler	8	static
canHandler.c:43:5:initCAN	16	static
canHandler.c:79:6:sendFrame	24	static
canHandler.c:91:5:send_PDO_log	48	static
canHandler.c:120:6:CANopen_Init_SDO	16	static
canHandler.c:145:10:CANopen_SDOS_Exp_Read	16	static
canHandler.c:163:10:CANopen_SDOS_Exp_Write	16	static
canHandler.c:180:6:CANopen_NMT_Reset_Node_Received	8	static
canHandler.c:194:6:CANopen_NMT_Reset_Comm_Received	8	static
canHandler.c:212:6:CANopen_Heartbeat_Consumer_Failed	16	static
canHandler.c:228:6:CANopen_NMT_Consumer_Bootup_Received	16	static
